<html>
<body>
<pre>
<h1>µVision Build Log</h1>
<h2>Tool Versions:</h2>
IDE-Version: ¶ÃVision V5.34.0.0
Copyright (C) 2021 ARM Ltd and ARM Germany GmbH. All rights reserved.
License Information: 11 lin.qi 11 Flex license: MDK Plus 5.34 (Flex): 3 user(s) (mdk_plus) Support: Feb 2023
 
Tool Versions:
Toolchain:       MDK Plus 5.34 (Flex): 3 user(s)  Version: 5.34.0.0
Toolchain Path:  C:\Keil_v5\ARM\ARMCC\Bin
C Compiler:      Armcc.exe V5.06 update 7 (build 960)
Assembler:       Armasm.exe V5.06 update 7 (build 960)
Linker/Locator:  ArmLink.exe V5.06 update 7 (build 960)
Library Manager: ArmAr.exe V5.06 update 7 (build 960)
Hex Converter:   FromElf.exe V5.06 update 7 (build 960)
CPU DLL:         SARMCM3.DLL V5.34.0.0
Dialog DLL:      DCM.DLL V1.17.3.0
Target DLL:      CMSIS_AGDI.dll V1.32.13.0
Dialog DLL:      TCM.DLL V1.48.0.0
 
<h2>Project:</h2>
E:\workspace_linqi\3601\”¶”√± º«\AN_N32G45x&N32G4FR&N32WB452 Series BOOT Jump Application Note V1.1\Nations.N32G45X_bootjump\projects\n32g45x_EVAL\examples\JumpToBoot\JumpToBoot\MDK-ARM\JumpToBoot.uvprojx
Project File Date:  06/13/2022

<h2>Output:</h2>
*** Using Compiler 'V5.06 update 7 (build 960)', folder: 'C:\Keil_v5\ARM\ARMCC\Bin'
Rebuild target 'N32G45x'
assembling startup_n32g45x.s...
compiling n32g45x_it.c...
compiling system_n32g45x.c...
compiling n32g45x_gpio.c...
compiling n32g45x_flash.c...
compiling n32g45x_iwdg.c...
compiling main.c...
compiling n32g45x_rcc.c...
compiling n32g45x_usart.c...
compiling bsp_usart.c...
linking...
Program Size: Code=7148 RO-data=944 RW-data=12 ZI-data=5380  
FromELF: creating hex file...
".\Objects\JumpToBoot.axf" - 0 Error(s), 0 Warning(s).

<h2>Software Packages used:</h2>

Package Vendor: Nationstech
                http://www.keil.com/pack/Nationstech.N32G45x_DFP.1.0.4.pack
                Nationstech.N32G45x_DFP.1.0.4
                Nationstech N32G45x Series Device Support, Drivers and Examples

<h2>Collection of Component include folders:</h2>
  C:\Users\lin.qi\AppData\Local\Arm\Packs\Nationstech\N32G45x_DFP\1.0.4\firmware\CMSIS\device

<h2>Collection of Component Files used:</h2>
Build Time Elapsed:  00:00:07
</pre>
</body>
</html>
