Component: ARM Compiler 5.06 update 7 (build 960) Tool: armlink [4d3601]

==============================================================================

Section Cross References

    startup_n32g45x.o(RESET) refers to startup_n32g45x.o(STACK) for __initial_sp
    startup_n32g45x.o(RESET) refers to startup_n32g45x.o(.text) for Reset_Handler
    startup_n32g45x.o(RESET) refers to n32g45x_it.o(i.NMI_Handler) for NMI_Handler
    startup_n32g45x.o(RESET) refers to n32g45x_it.o(i.HardFault_Handler) for HardFault_Handler
    startup_n32g45x.o(RESET) refers to n32g45x_it.o(i.MemManage_Handler) for MemManage_Handler
    startup_n32g45x.o(RESET) refers to n32g45x_it.o(i.BusFault_Handler) for BusFault_Handler
    startup_n32g45x.o(RESET) refers to n32g45x_it.o(i.UsageFault_Handler) for UsageFault_Handler
    startup_n32g45x.o(RESET) refers to n32g45x_it.o(i.SVC_Handler) for SVC_Handler
    startup_n32g45x.o(RESET) refers to n32g45x_it.o(i.DebugMon_Handler) for DebugMon_Handler
    startup_n32g45x.o(RESET) refers to n32g45x_it.o(i.SysTick_Handler) for SysTick_Handler
    startup_n32g45x.o(.text) refers to system_n32g45x.o(i.SystemInit) for SystemInit
    startup_n32g45x.o(.text) refers to entry.o(.ARM.Collect$$$$00000000) for __main
    system_n32g45x.o(i.SetSysClock) refers to system_n32g45x.o(.data) for SystemCoreClock
    system_n32g45x.o(i.SystemCoreClockUpdate) refers to system_n32g45x.o(.data) for SystemCoreClock
    system_n32g45x.o(i.SystemCoreClockUpdate) refers to system_n32g45x.o(.constdata) for AHBPrescTable
    system_n32g45x.o(i.SystemInit) refers to system_n32g45x.o(i.SetSysClock) for SetSysClock
    n32g45x_flash.o(i.FLASH_ClearFlag) refers to main.o(i.assert_failed) for assert_failed
    n32g45x_flash.o(i.FLASH_ClearFlag) refers to n32g45x_flash.o(.conststring) for .conststring
    n32g45x_flash.o(i.FLASH_ConfigUserOB) refers to main.o(i.assert_failed) for assert_failed
    n32g45x_flash.o(i.FLASH_ConfigUserOB) refers to n32g45x_flash.o(i.FLASH_GetReadOutProtectionL2STS) for FLASH_GetReadOutProtectionL2STS
    n32g45x_flash.o(i.FLASH_ConfigUserOB) refers to n32g45x_flash.o(i.FLASH_GetReadOutProtectionSTS) for FLASH_GetReadOutProtectionSTS
    n32g45x_flash.o(i.FLASH_ConfigUserOB) refers to n32g45x_flash.o(i.FLASH_ClearFlag) for FLASH_ClearFlag
    n32g45x_flash.o(i.FLASH_ConfigUserOB) refers to n32g45x_flash.o(i.FLASH_WaitForLastOpt) for FLASH_WaitForLastOpt
    n32g45x_flash.o(i.FLASH_ConfigUserOB) refers to n32g45x_flash.o(.conststring) for .conststring
    n32g45x_flash.o(i.FLASH_EnWriteProtection) refers to main.o(i.assert_failed) for assert_failed
    n32g45x_flash.o(i.FLASH_EnWriteProtection) refers to n32g45x_flash.o(i.FLASH_GetReadOutProtectionL2STS) for FLASH_GetReadOutProtectionL2STS
    n32g45x_flash.o(i.FLASH_EnWriteProtection) refers to n32g45x_flash.o(i.FLASH_ClearFlag) for FLASH_ClearFlag
    n32g45x_flash.o(i.FLASH_EnWriteProtection) refers to n32g45x_flash.o(i.FLASH_WaitForLastOpt) for FLASH_WaitForLastOpt
    n32g45x_flash.o(i.FLASH_EnWriteProtection) refers to n32g45x_flash.o(.conststring) for .conststring
    n32g45x_flash.o(i.FLASH_EraseOB) refers to n32g45x_flash.o(i.FLASH_GetReadOutProtectionL2STS) for FLASH_GetReadOutProtectionL2STS
    n32g45x_flash.o(i.FLASH_EraseOB) refers to n32g45x_flash.o(i.FLASH_GetReadOutProtectionSTS) for FLASH_GetReadOutProtectionSTS
    n32g45x_flash.o(i.FLASH_EraseOB) refers to n32g45x_flash.o(i.FLASH_ClearFlag) for FLASH_ClearFlag
    n32g45x_flash.o(i.FLASH_EraseOB) refers to n32g45x_flash.o(i.FLASH_WaitForLastOpt) for FLASH_WaitForLastOpt
    n32g45x_flash.o(i.FLASH_EraseOnePage) refers to main.o(i.assert_failed) for assert_failed
    n32g45x_flash.o(i.FLASH_EraseOnePage) refers to n32g45x_flash.o(i.FLASH_ClearFlag) for FLASH_ClearFlag
    n32g45x_flash.o(i.FLASH_EraseOnePage) refers to n32g45x_flash.o(i.FLASH_WaitForLastOpt) for FLASH_WaitForLastOpt
    n32g45x_flash.o(i.FLASH_EraseOnePage) refers to n32g45x_flash.o(.conststring) for .conststring
    n32g45x_flash.o(i.FLASH_GetFlagSTS) refers to main.o(i.assert_failed) for assert_failed
    n32g45x_flash.o(i.FLASH_GetFlagSTS) refers to n32g45x_flash.o(.conststring) for .conststring
    n32g45x_flash.o(i.FLASH_INTConfig) refers to main.o(i.assert_failed) for assert_failed
    n32g45x_flash.o(i.FLASH_INTConfig) refers to n32g45x_flash.o(.conststring) for .conststring
    n32g45x_flash.o(i.FLASH_MassErase) refers to n32g45x_flash.o(i.FLASH_ClearFlag) for FLASH_ClearFlag
    n32g45x_flash.o(i.FLASH_MassErase) refers to n32g45x_flash.o(i.FLASH_WaitForLastOpt) for FLASH_WaitForLastOpt
    n32g45x_flash.o(i.FLASH_PrefetchBufSet) refers to main.o(i.assert_failed) for assert_failed
    n32g45x_flash.o(i.FLASH_PrefetchBufSet) refers to n32g45x_flash.o(.conststring) for .conststring
    n32g45x_flash.o(i.FLASH_ProgramOBData) refers to main.o(i.assert_failed) for assert_failed
[...]
    n32g45x_gpio.o(i.GPIO_ReadOutputData) refers to main.o(i.assert_failed) for assert_failed
    n32g45x_gpio.o(i.GPIO_ReadOutputData) refers to n32g45x_gpio.o(.conststring) for .conststring
    n32g45x_gpio.o(i.GPIO_ReadOutputDataBit) refers to main.o(i.assert_failed) for assert_failed
    n32g45x_gpio.o(i.GPIO_ReadOutputDataBit) refers to n32g45x_gpio.o(.conststring) for .conststring
    n32g45x_gpio.o(i.GPIO_ResetBits) refers to main.o(i.assert_failed) for assert_failed
    n32g45x_gpio.o(i.GPIO_ResetBits) refers to n32g45x_gpio.o(.conststring) for .conststring
    n32g45x_gpio.o(i.GPIO_SetBits) refers to main.o(i.assert_failed) for assert_failed
    n32g45x_gpio.o(i.GPIO_SetBits) refers to n32g45x_gpio.o(.conststring) for .conststring
    n32g45x_gpio.o(i.GPIO_SetBitsHigh16) refers to main.o(i.assert_failed) for assert_failed
    n32g45x_gpio.o(i.GPIO_SetBitsHigh16) refers to n32g45x_gpio.o(.conststring) for .conststring
    n32g45x_gpio.o(i.GPIO_Write) refers to main.o(i.assert_failed) for assert_failed
    n32g45x_gpio.o(i.GPIO_Write) refers to n32g45x_gpio.o(.conststring) for .conststring
    n32g45x_gpio.o(i.GPIO_WriteBit) refers to main.o(i.assert_failed) for assert_failed
    n32g45x_gpio.o(i.GPIO_WriteBit) refers to n32g45x_gpio.o(.conststring) for .conststring
    n32g45x_iwdg.o(i.IWDG_CntReload) refers to main.o(i.assert_failed) for assert_failed
    n32g45x_iwdg.o(i.IWDG_CntReload) refers to n32g45x_iwdg.o(.conststring) for .conststring
    n32g45x_iwdg.o(i.IWDG_GetStatus) refers to main.o(i.assert_failed) for assert_failed
    n32g45x_iwdg.o(i.IWDG_GetStatus) refers to n32g45x_iwdg.o(.conststring) for .conststring
    n32g45x_iwdg.o(i.IWDG_SetPrescalerDiv) refers to main.o(i.assert_failed) for assert_failed
    n32g45x_iwdg.o(i.IWDG_SetPrescalerDiv) refers to n32g45x_iwdg.o(.conststring) for .conststring
    n32g45x_iwdg.o(i.IWDG_WriteConfig) refers to main.o(i.assert_failed) for assert_failed
    n32g45x_iwdg.o(i.IWDG_WriteConfig) refers to n32g45x_iwdg.o(.conststring) for .conststring
    n32g45x_rcc.o(i.RCC_ClrIntPendingBit) refers to main.o(i.assert_failed) for assert_failed
    n32g45x_rcc.o(i.RCC_ClrIntPendingBit) refers to n32g45x_rcc.o(.conststring) for .conststring
    n32g45x_rcc.o(i.RCC_ConfigAdc1mClk) refers to main.o(i.assert_failed) for assert_failed
    n32g45x_rcc.o(i.RCC_ConfigAdc1mClk) refers to n32g45x_rcc.o(.conststring) for .conststring
    n32g45x_rcc.o(i.RCC_ConfigAdcHclk) refers to main.o(i.assert_failed) for assert_failed
    n32g45x_rcc.o(i.RCC_ConfigAdcHclk) refers to n32g45x_rcc.o(.conststring) for .conststring
    n32g45x_rcc.o(i.RCC_ConfigAdcPllClk) refers to main.o(i.assert_failed) for assert_failed
    n32g45x_rcc.o(i.RCC_ConfigAdcPllClk) refers to n32g45x_rcc.o(.conststring) for .conststring
    n32g45x_rcc.o(i.RCC_ConfigHclk) refers to main.o(i.assert_failed) for assert_failed
    n32g45x_rcc.o(i.RCC_ConfigHclk) refers to n32g45x_rcc.o(.conststring) for .conststring
    n32g45x_rcc.o(i.RCC_ConfigHse) refers to main.o(i.assert_failed) for assert_failed
    n32g45x_rcc.o(i.RCC_ConfigHse) refers to n32g45x_rcc.o(.conststring) for .conststring
    n32g45x_rcc.o(i.RCC_ConfigInt) refers to main.o(i.assert_failed) for assert_failed
    n32g45x_rcc.o(i.RCC_ConfigInt) refers to n32g45x_rcc.o(.conststring) for .conststring
    n32g45x_rcc.o(i.RCC_ConfigLse) refers to main.o(i.assert_failed) for assert_failed
    n32g45x_rcc.o(i.RCC_ConfigLse) refers to n32g45x_rcc.o(.conststring) for .conststring
    n32g45x_rcc.o(i.RCC_ConfigMco) refers to main.o(i.assert_failed) for assert_failed
    n32g45x_rcc.o(i.RCC_ConfigMco) refers to n32g45x_rcc.o(.conststring) for .conststring
    n32g45x_rcc.o(i.RCC_ConfigMcoPllClk) refers to main.o(i.assert_failed) for assert_failed
    n32g45x_rcc.o(i.RCC_ConfigMcoPllClk) refers to n32g45x_rcc.o(.conststring) for .conststring
    n32g45x_rcc.o(i.RCC_ConfigPclk1) refers to main.o(i.assert_failed) for assert_failed
    n32g45x_rcc.o(i.RCC_ConfigPclk1) refers to n32g45x_rcc.o(.conststring) for .conststring
    n32g45x_rcc.o(i.RCC_ConfigPclk2) refers to main.o(i.assert_failed) for assert_failed
    n32g45x_rcc.o(i.RCC_ConfigPclk2) refers to n32g45x_rcc.o(.conststring) for .conststring
    n32g45x_rcc.o(i.RCC_ConfigPll) refers to main.o(i.assert_failed) for assert_failed
    n32g45x_rcc.o(i.RCC_ConfigPll) refers to n32g45x_rcc.o(.conststring) for .conststring
    n32g45x_rcc.o(i.RCC_ConfigRngcClk) refers to main.o(i.assert_failed) for assert_failed
    n32g45x_rcc.o(i.RCC_ConfigRngcClk) refers to n32g45x_rcc.o(.conststring) for .conststring
    n32g45x_rcc.o(i.RCC_ConfigRtcClk) refers to main.o(i.assert_failed) for assert_failed
    n32g45x_rcc.o(i.RCC_ConfigRtcClk) refers to n32g45x_rcc.o(.conststring) for .conststring
    n32g45x_rcc.o(i.RCC_ConfigSysclk) refers to main.o(i.assert_failed) for assert_failed
    n32g45x_rcc.o(i.RCC_ConfigSysclk) refers to n32g45x_rcc.o(.conststring) for .conststring
    n32g45x_rcc.o(i.RCC_ConfigTim18Clk) refers to main.o(i.assert_failed) for assert_failed
    n32g45x_rcc.o(i.RCC_ConfigTim18Clk) refers to n32g45x_rcc.o(.conststring) for .conststring
    n32g45x_rcc.o(i.RCC_ConfigTrng1mClk) refers to main.o(i.assert_failed) for assert_failed
    n32g45x_rcc.o(i.RCC_ConfigTrng1mClk) refers to n32g45x_rcc.o(.conststring) for .conststring
    n32g45x_rcc.o(i.RCC_ConfigUsbClk) refers to main.o(i.assert_failed) for assert_failed
    n32g45x_rcc.o(i.RCC_ConfigUsbClk) refers to n32g45x_rcc.o(.conststring) for .conststring
    n32g45x_rcc.o(i.RCC_EnableAHBPeriphClk) refers to main.o(i.assert_failed) for assert_failed
    n32g45x_rcc.o(i.RCC_EnableAHBPeriphClk) refers to n32g45x_rcc.o(.conststring) for .conststring
    n32g45x_rcc.o(i.RCC_EnableAHBPeriphReset) refers to main.o(i.assert_failed) for assert_failed
    n32g45x_rcc.o(i.RCC_EnableAHBPeriphReset) refers to n32g45x_rcc.o(.conststring) for .conststring
    n32g45x_rcc.o(i.RCC_EnableAPB1PeriphClk) refers to main.o(i.assert_failed) for assert_failed
    n32g45x_rcc.o(i.RCC_EnableAPB1PeriphClk) refers to n32g45x_rcc.o(.conststring) for .conststring
    n32g45x_rcc.o(i.RCC_EnableAPB1PeriphReset) refers to main.o(i.assert_failed) for assert_failed
    n32g45x_rcc.o(i.RCC_EnableAPB1PeriphReset) refers to n32g45x_rcc.o(.conststring) for .conststring
    n32g45x_rcc.o(i.RCC_EnableAPB2PeriphClk) refers to main.o(i.assert_failed) for assert_failed
    n32g45x_rcc.o(i.RCC_EnableAPB2PeriphClk) refers to n32g45x_rcc.o(.conststring) for .conststring
    n32g45x_rcc.o(i.RCC_EnableAPB2PeriphReset) refers to main.o(i.assert_failed) for assert_failed
    n32g45x_rcc.o(i.RCC_EnableAPB2PeriphReset) refers to n32g45x_rcc.o(.conststring) for .conststring
    n32g45x_rcc.o(i.RCC_EnableBORReset) refers to main.o(i.assert_failed) for assert_failed
    n32g45x_rcc.o(i.RCC_EnableBORReset) refers to n32g45x_rcc.o(.conststring) for .conststring
    n32g45x_rcc.o(i.RCC_EnableBackupReset) refers to main.o(i.assert_failed) for assert_failed
    n32g45x_rcc.o(i.RCC_EnableBackupReset) refers to n32g45x_rcc.o(.conststring) for .conststring
    n32g45x_rcc.o(i.RCC_EnableClockSecuritySystem) refers to main.o(i.assert_failed) for assert_failed
    n32g45x_rcc.o(i.RCC_EnableClockSecuritySystem) refers to n32g45x_rcc.o(.conststring) for .conststring
    n32g45x_rcc.o(i.RCC_EnableHsi) refers to main.o(i.assert_failed) for assert_failed
    n32g45x_rcc.o(i.RCC_EnableHsi) refers to n32g45x_rcc.o(.conststring) for .conststring
    n32g45x_rcc.o(i.RCC_EnableLsi) refers to main.o(i.assert_failed) for assert_failed
    n32g45x_rcc.o(i.RCC_EnableLsi) refers to n32g45x_rcc.o(.conststring) for .conststring
    n32g45x_rcc.o(i.RCC_EnablePll) refers to main.o(i.assert_failed) for assert_failed
    n32g45x_rcc.o(i.RCC_EnablePll) refers to n32g45x_rcc.o(.conststring) for .conststring
    n32g45x_rcc.o(i.RCC_EnableRtcClk) refers to main.o(i.assert_failed) for assert_failed
    n32g45x_rcc.o(i.RCC_EnableRtcClk) refers to n32g45x_rcc.o(.conststring) for .conststring
    n32g45x_rcc.o(i.RCC_EnableTrng1mClk) refers to main.o(i.assert_failed) for assert_failed
    n32g45x_rcc.o(i.RCC_EnableTrng1mClk) refers to n32g45x_rcc.o(.conststring) for .conststring
    n32g45x_rcc.o(i.RCC_GetClocksFreqValue) refers to n32g45x_rcc.o(.constdata) for s_ApbAhbPresTable
    n32g45x_rcc.o(i.RCC_GetFlagStatus) refers to main.o(i.assert_failed) for assert_failed
    n32g45x_rcc.o(i.RCC_GetFlagStatus) refers to n32g45x_rcc.o(.conststring) for .conststring
    n32g45x_rcc.o(i.RCC_GetIntStatus) refers to main.o(i.assert_failed) for assert_failed
    n32g45x_rcc.o(i.RCC_GetIntStatus) refers to n32g45x_rcc.o(.conststring) for .conststring
    n32g45x_rcc.o(i.RCC_SetHsiCalibValue) refers to main.o(i.assert_failed) for assert_failed
    n32g45x_rcc.o(i.RCC_SetHsiCalibValue) refers to n32g45x_rcc.o(.conststring) for .conststring
    n32g45x_rcc.o(i.RCC_WaitHseStable) refers to n32g45x_rcc.o(i.RCC_GetFlagStatus) for RCC_GetFlagStatus
    n32g45x_usart.o(i.USART_ClockInit) refers to main.o(i.assert_failed) for assert_failed
    n32g45x_usart.o(i.USART_ClockInit) refers to n32g45x_usart.o(.conststring) for .conststring
    n32g45x_usart.o(i.USART_ClrFlag) refers to main.o(i.assert_failed) for assert_failed
    n32g45x_usart.o(i.USART_ClrFlag) refers to n32g45x_usart.o(.conststring) for .conststring
    n32g45x_usart.o(i.USART_ClrIntPendingBit) refers to main.o(i.assert_failed) for assert_failed
    n32g45x_usart.o(i.USART_ClrIntPendingBit) refers to n32g45x_usart.o(.conststring) for .conststring
    n32g45x_usart.o(i.USART_ConfigInt) refers to main.o(i.assert_failed) for assert_failed
    n32g45x_usart.o(i.USART_ConfigInt) refers to n32g45x_usart.o(.conststring) for .conststring
    n32g45x_usart.o(i.USART_ConfigIrDAMode) refers to main.o(i.assert_failed) for assert_failed
    n32g45x_usart.o(i.USART_ConfigIrDAMode) refers to n32g45x_usart.o(.conststring) for .conststring
    n32g45x_usart.o(i.USART_ConfigLINBreakDetectLength) refers to main.o(i.assert_failed) for assert_failed
    n32g45x_usart.o(i.USART_ConfigLINBreakDetectLength) refers to n32g45x_usart.o(.conststring) for .conststring
    n32g45x_usart.o(i.USART_ConfigWakeUpMode) refers to main.o(i.assert_failed) for assert_failed
    n32g45x_usart.o(i.USART_ConfigWakeUpMode) refers to n32g45x_usart.o(.conststring) for .conststring
    n32g45x_usart.o(i.USART_DeInit) refers to main.o(i.assert_failed) for assert_failed
    n32g45x_usart.o(i.USART_DeInit) refers to n32g45x_rcc.o(i.RCC_EnableAPB2PeriphReset) for RCC_EnableAPB2PeriphReset
    n32g45x_usart.o(i.USART_DeInit) refers to n32g45x_rcc.o(i.RCC_EnableAPB1PeriphReset) for RCC_EnableAPB1PeriphReset
    n32g45x_usart.o(i.USART_DeInit) refers to n32g45x_usart.o(.conststring) for .conststring
    n32g45x_usart.o(i.USART_Enable) refers to main.o(i.assert_failed) for assert_failed
    n32g45x_usart.o(i.USART_Enable) refers to n32g45x_usart.o(.conststring) for .conststring
    n32g45x_usart.o(i.USART_EnableDMA) refers to main.o(i.assert_failed) for assert_failed
    n32g45x_usart.o(i.USART_EnableDMA) refers to n32g45x_usart.o(.conststring) for .conststring
    n32g45x_usart.o(i.USART_EnableHalfDuplex) refers to main.o(i.assert_failed) for assert_failed
    n32g45x_usart.o(i.USART_EnableHalfDuplex) refers to n32g45x_usart.o(.conststring) for .conststring
    n32g45x_usart.o(i.USART_EnableIrDA) refers to main.o(i.assert_failed) for assert_failed
    n32g45x_usart.o(i.USART_EnableIrDA) refers to n32g45x_usart.o(.conststring) for .conststring
    n32g45x_usart.o(i.USART_EnableLIN) refers to main.o(i.assert_failed) for assert_failed
    n32g45x_usart.o(i.USART_EnableLIN) refers to n32g45x_usart.o(.conststring) for .conststring
    n32g45x_usart.o(i.USART_EnableRcvWakeUp) refers to main.o(i.assert_failed) for assert_failed
    n32g45x_usart.o(i.USART_EnableRcvWakeUp) refers to n32g45x_usart.o(.conststring) for .conststring
    n32g45x_usart.o(i.USART_EnableSmartCard) refers to main.o(i.assert_failed) for assert_failed
    n32g45x_usart.o(i.USART_EnableSmartCard) refers to n32g45x_usart.o(.conststring) for .conststring
    n32g45x_usart.o(i.USART_GetFlagStatus) refers to main.o(i.assert_failed) for assert_failed
    n32g45x_usart.o(i.USART_GetFlagStatus) refers to n32g45x_usart.o(.conststring) for .conststring
    n32g45x_usart.o(i.USART_GetIntStatus) refers to main.o(i.assert_failed) for assert_failed
    n32g45x_usart.o(i.USART_GetIntStatus) refers to n32g45x_usart.o(.conststring) for .conststring
    n32g45x_usart.o(i.USART_Init) refers to main.o(i.assert_failed) for assert_failed
    n32g45x_usart.o(i.USART_Init) refers to n32g45x_rcc.o(i.RCC_GetClocksFreqValue) for RCC_GetClocksFreqValue
    n32g45x_usart.o(i.USART_Init) refers to n32g45x_usart.o(.conststring) for .conststring
    n32g45x_usart.o(i.USART_ReceiveData) refers to main.o(i.assert_failed) for assert_failed
    n32g45x_usart.o(i.USART_ReceiveData) refers to n32g45x_usart.o(.conststring) for .conststring
    n32g45x_usart.o(i.USART_SendBreak) refers to main.o(i.assert_failed) for assert_failed
    n32g45x_usart.o(i.USART_SendBreak) refers to n32g45x_usart.o(.conststring) for .conststring
    n32g45x_usart.o(i.USART_SendData) refers to main.o(i.assert_failed) for assert_failed
    n32g45x_usart.o(i.USART_SendData) refers to n32g45x_usart.o(.conststring) for .conststring
    n32g45x_usart.o(i.USART_SetAddr) refers to main.o(i.assert_failed) for assert_failed
    n32g45x_usart.o(i.USART_SetAddr) refers to n32g45x_usart.o(.conststring) for .conststring
    n32g45x_usart.o(i.USART_SetGuardTime) refers to main.o(i.assert_failed) for assert_failed
    n32g45x_usart.o(i.USART_SetGuardTime) refers to n32g45x_usart.o(.conststring) for .conststring
    n32g45x_usart.o(i.USART_SetPrescaler) refers to main.o(i.assert_failed) for assert_failed
    n32g45x_usart.o(i.USART_SetPrescaler) refers to n32g45x_usart.o(.conststring) for .conststring
    n32g45x_usart.o(i.USART_SetSmartCardNACK) refers to main.o(i.assert_failed) for assert_failed
    n32g45x_usart.o(i.USART_SetSmartCardNACK) refers to n32g45x_usart.o(.conststring) for .conststring
    main.o(i.IAP_Button_Config) refers to n32g45x_rcc.o(i.RCC_EnableAPB2PeriphClk) for RCC_EnableAPB2PeriphClk
    main.o(i.IAP_Button_Config) refers to n32g45x_gpio.o(i.GPIO_InitPeripheral) for GPIO_InitPeripheral
    main.o(i.IAP_Button_Read) refers to n32g45x_gpio.o(i.GPIO_ReadInputDataBit) for GPIO_ReadInputDataBit
    main.o(i.Jump_To_BOOT) refers to n32g45x_iwdg.o(i.IWDG_ReloadKey) for IWDG_ReloadKey
    main.o(i.Jump_To_BOOT) refers to n32g45x_iwdg.o(i.IWDG_WriteConfig) for IWDG_WriteConfig
    main.o(i.Jump_To_BOOT) refers to n32g45x_iwdg.o(i.IWDG_SetPrescalerDiv) for IWDG_SetPrescalerDiv
    main.o(i.Jump_To_BOOT) refers to main.o(i.SetSysClock_HSI_PLL) for SetSysClock_HSI_PLL
    main.o(i.Jump_To_BOOT) refers to n32g45x_usart.o(i.USART_DeInit) for USART_DeInit
    main.o(i.Jump_To_BOOT) refers to n32g45x_gpio.o(i.GPIO_DeInit) for GPIO_DeInit
    main.o(i.Jump_To_BOOT) refers to n32g45x_rcc.o(i.RCC_EnableAPB1PeriphReset) for RCC_EnableAPB1PeriphReset
    main.o(i.SetSysClock_HSI_PLL) refers to n32g45x_rcc.o(i.RCC_DeInit) for RCC_DeInit
    main.o(i.SetSysClock_HSI_PLL) refers to n32g45x_rcc.o(i.RCC_EnableHsi) for RCC_EnableHsi
    main.o(i.SetSysClock_HSI_PLL) refers to n32g45x_rcc.o(i.RCC_GetFlagStatus) for RCC_GetFlagStatus
    main.o(i.SetSysClock_HSI_PLL) refers to n32g45x_rcc.o(i.RCC_EnableAPB1PeriphClk) for RCC_EnableAPB1PeriphClk
    main.o(i.SetSysClock_HSI_PLL) refers to n32g45x_flash.o(i.FLASH_SetLatency) for FLASH_SetLatency
    main.o(i.SetSysClock_HSI_PLL) refers to n32g45x_flash.o(i.FLASH_PrefetchBufSet) for FLASH_PrefetchBufSet
    main.o(i.SetSysClock_HSI_PLL) refers to n32g45x_flash.o(i.FLASH_iCacheCmd) for FLASH_iCacheCmd
    main.o(i.SetSysClock_HSI_PLL) refers to n32g45x_rcc.o(i.RCC_ConfigHclk) for RCC_ConfigHclk
    main.o(i.SetSysClock_HSI_PLL) refers to n32g45x_rcc.o(i.RCC_ConfigPclk2) for RCC_ConfigPclk2
    main.o(i.SetSysClock_HSI_PLL) refers to n32g45x_rcc.o(i.RCC_ConfigPclk1) for RCC_ConfigPclk1
    main.o(i.SetSysClock_HSI_PLL) refers to n32g45x_rcc.o(i.RCC_ConfigPll) for RCC_ConfigPll
    main.o(i.SetSysClock_HSI_PLL) refers to n32g45x_rcc.o(i.RCC_EnablePll) for RCC_EnablePll
    main.o(i.SetSysClock_HSI_PLL) refers to n32g45x_rcc.o(i.RCC_ConfigSysclk) for RCC_ConfigSysclk
    main.o(i.SetSysClock_HSI_PLL) refers to n32g45x_rcc.o(i.RCC_GetSysclkSrc) for RCC_GetSysclkSrc
    main.o(i.main) refers to bsp_usart.o(i.Debug_USART_Config) for Debug_USART_Config
    main.o(i.main) refers to main.o(i.IAP_Button_Config) for IAP_Button_Config
    main.o(i.main) refers to printfb.o(i.__0printf$bare) for __2printf
    main.o(i.main) refers to main.o(i.IAP_Button_Read) for IAP_Button_Read
    main.o(i.main) refers to main.o(i.Jump_To_BOOT) for Jump_To_BOOT
    bsp_usart.o(i.Debug_USART_Config) refers to n32g45x_rcc.o(i.RCC_EnableAPB2PeriphClk) for RCC_EnableAPB2PeriphClk
    bsp_usart.o(i.Debug_USART_Config) refers to n32g45x_gpio.o(i.GPIO_InitPeripheral) for GPIO_InitPeripheral
    bsp_usart.o(i.Debug_USART_Config) refers to n32g45x_usart.o(i.USART_Init) for USART_Init
    bsp_usart.o(i.Debug_USART_Config) refers to n32g45x_usart.o(i.USART_Enable) for USART_Enable
    bsp_usart.o(i.Usart_SendArray) refers to bsp_usart.o(i.Usart_SendByte) for Usart_SendByte
    bsp_usart.o(i.Usart_SendArray) refers to n32g45x_usart.o(i.USART_GetFlagStatus) for USART_GetFlagStatus
    bsp_usart.o(i.Usart_SendByte) refers to n32g45x_usart.o(i.USART_ClrFlag) for USART_ClrFlag
    bsp_usart.o(i.Usart_SendByte) refers to n32g45x_usart.o(i.USART_SendData) for USART_SendData
    bsp_usart.o(i.Usart_SendByte) refers to n32g45x_usart.o(i.USART_GetFlagStatus) for USART_GetFlagStatus
    bsp_usart.o(i.Usart_SendHalfWord) refers to n32g45x_usart.o(i.USART_SendData) for USART_SendData
    bsp_usart.o(i.Usart_SendHalfWord) refers to n32g45x_usart.o(i.USART_GetFlagStatus) for USART_GetFlagStatus
    bsp_usart.o(i.Usart_SendString) refers to bsp_usart.o(i.Usart_SendByte) for Usart_SendByte
    bsp_usart.o(i.Usart_SendString) refers to n32g45x_usart.o(i.USART_GetFlagStatus) for USART_GetFlagStatus
    bsp_usart.o(i.fgetc) refers to n32g45x_usart.o(i.USART_GetFlagStatus) for USART_GetFlagStatus
    bsp_usart.o(i.fgetc) refers to n32g45x_usart.o(i.USART_ReceiveData) for USART_ReceiveData
    bsp_usart.o(i.fputc) refers to bsp_usart.o(i.Usart_SendByte) for Usart_SendByte
    bsp_usart.o(i.fputc) refers to bsp_usart.o(.data) for is_lr_sent
    entry.o(.ARM.Collect$$$$00000000) refers (Special) to entry10a.o(.ARM.Collect$$$$0000000F) for __rt_final_cpp
    entry.o(.ARM.Collect$$$$00000000) refers (Special) to entry11a.o(.ARM.Collect$$$$00000011) for __rt_final_exit
    entry.o(.ARM.Collect$$$$00000000) refers (Special) to entry12b.o(.ARM.Collect$$$$0000000E) for __rt_lib_shutdown_fini
    entry.o(.ARM.Collect$$$$00000000) refers (Special) to entry7b.o(.ARM.Collect$$$$00000008) for _main_clock
    entry.o(.ARM.Collect$$$$00000000) refers (Special) to entry8b.o(.ARM.Collect$$$$0000000A) for _main_cpp_init
    entry.o(.ARM.Collect$$$$00000000) refers (Special) to entry9a.o(.ARM.Collect$$$$0000000B) for _main_init
    entry.o(.ARM.Collect$$$$00000000) refers (Special) to entry5.o(.ARM.Collect$$$$00000004) for _main_scatterload
    entry.o(.ARM.Collect$$$$00000000) refers (Special) to entry2.o(.ARM.Collect$$$$00000001) for _main_stk
    printfb.o(i.__0fprintf$bare) refers to printfb.o(i._printf_core) for _printf_core
    printfb.o(i.__0fprintf$bare) refers to bsp_usart.o(i.fputc) for fputc
    printfb.o(i.__0printf$bare) refers to printfb.o(i._printf_core) for _printf_core
    printfb.o(i.__0printf$bare) refers to bsp_usart.o(i.fputc) for fputc
    printfb.o(i.__0printf$bare) refers to stdout.o(.data) for __stdout
    printfb.o(i.__0snprintf$bare) refers to printfb.o(i._printf_core) for _printf_core
    printfb.o(i.__0snprintf$bare) refers to printfb.o(i._snputc) for _snputc
    printfb.o(i.__0sprintf$bare) refers to printfb.o(i._printf_core) for _printf_core
    printfb.o(i.__0sprintf$bare) refers to printfb.o(i._sputc) for _sputc
    printfb.o(i.__0vfprintf$bare) refers to printfb.o(i._printf_core) for _printf_core
    printfb.o(i.__0vfprintf$bare) refers to bsp_usart.o(i.fputc) for fputc
    printfb.o(i.__0vprintf$bare) refers to printfb.o(i._printf_core) for _printf_core
    printfb.o(i.__0vprintf$bare) refers to bsp_usart.o(i.fputc) for fputc
    printfb.o(i.__0vprintf$bare) refers to stdout.o(.data) for __stdout
    printfb.o(i.__0vsnprintf$bare) refers to printfb.o(i._printf_core) for _printf_core
    printfb.o(i.__0vsnprintf$bare) refers to printfb.o(i._snputc) for _snputc
    printfb.o(i.__0vsprintf$bare) refers to printfb.o(i._printf_core) for _printf_core
    printfb.o(i.__0vsprintf$bare) refers to printfb.o(i._sputc) for _sputc
    printf0.o(i.__0fprintf$0) refers to printf0.o(i._printf_core) for _printf_core
    printf0.o(i.__0fprintf$0) refers to bsp_usart.o(i.fputc) for fputc
    printf0.o(i.__0printf$0) refers to printf0.o(i._printf_core) for _printf_core
    printf0.o(i.__0printf$0) refers to bsp_usart.o(i.fputc) for fputc
    printf0.o(i.__0printf$0) refers to stdout.o(.data) for __stdout
    printf0.o(i.__0snprintf$0) refers to printf0.o(i._printf_core) for _printf_core
    printf0.o(i.__0snprintf$0) refers to printf0.o(i._snputc) for _snputc
    printf0.o(i.__0sprintf$0) refers to printf0.o(i._printf_core) for _printf_core
    printf0.o(i.__0sprintf$0) refers to printf0.o(i._sputc) for _sputc
    printf0.o(i.__0vfprintf$0) refers to printf0.o(i._printf_core) for _printf_core
    printf0.o(i.__0vfprintf$0) refers to bsp_usart.o(i.fputc) for fputc
    printf0.o(i.__0vprintf$0) refers to printf0.o(i._printf_core) for _printf_core
    printf0.o(i.__0vprintf$0) refers to bsp_usart.o(i.fputc) for fputc
    printf0.o(i.__0vprintf$0) refers to stdout.o(.data) for __stdout
    printf0.o(i.__0vsnprintf$0) refers to printf0.o(i._printf_core) for _printf_core
    printf0.o(i.__0vsnprintf$0) refers to printf0.o(i._snputc) for _snputc
    printf0.o(i.__0vsprintf$0) refers to printf0.o(i._printf_core) for _printf_core
    printf0.o(i.__0vsprintf$0) refers to printf0.o(i._sputc) for _sputc
    printf1.o(i.__0fprintf$1) refers to printf1.o(i._printf_core) for _printf_core
    printf1.o(i.__0fprintf$1) refers to bsp_usart.o(i.fputc) for fputc
    printf1.o(i.__0printf$1) refers to printf1.o(i._printf_core) for _printf_core
    printf1.o(i.__0printf$1) refers to bsp_usart.o(i.fputc) for fputc
    printf1.o(i.__0printf$1) refers to stdout.o(.data) for __stdout
    printf1.o(i.__0snprintf$1) refers to printf1.o(i._printf_core) for _printf_core
    printf1.o(i.__0snprintf$1) refers to printf1.o(i._snputc) for _snputc
    printf1.o(i.__0sprintf$1) refers to printf1.o(i._printf_core) for _printf_core
    printf1.o(i.__0sprintf$1) refers to printf1.o(i._sputc) for _sputc
    printf1.o(i.__0vfprintf$1) refers to printf1.o(i._printf_core) for _printf_core
    printf1.o(i.__0vfprintf$1) refers to bsp_usart.o(i.fputc) for fputc
    printf1.o(i.__0vprintf$1) refers to printf1.o(i._printf_core) for _printf_core
    printf1.o(i.__0vprintf$1) refers to bsp_usart.o(i.fputc) for fputc
    printf1.o(i.__0vprintf$1) refers to stdout.o(.data) for __stdout
    printf1.o(i.__0vsnprintf$1) refers to printf1.o(i._printf_core) for _printf_core
    printf1.o(i.__0vsnprintf$1) refers to printf1.o(i._snputc) for _snputc
    printf1.o(i.__0vsprintf$1) refers to printf1.o(i._printf_core) for _printf_core
    printf1.o(i.__0vsprintf$1) refers to printf1.o(i._sputc) for _sputc
    printf1.o(i._printf_core) refers to uidiv.o(.text) for __aeabi_uidivmod
    printf2.o(i.__0fprintf$2) refers to printf2.o(i._printf_core) for _printf_core
    printf2.o(i.__0fprintf$2) refers to bsp_usart.o(i.fputc) for fputc
    printf2.o(i.__0printf$2) refers to printf2.o(i._printf_core) for _printf_core
    printf2.o(i.__0printf$2) refers to bsp_usart.o(i.fputc) for fputc
    printf2.o(i.__0printf$2) refers to stdout.o(.data) for __stdout
    printf2.o(i.__0snprintf$2) refers to printf2.o(i._printf_core) for _printf_core
    printf2.o(i.__0snprintf$2) refers to printf2.o(i._snputc) for _snputc
    printf2.o(i.__0sprintf$2) refers to printf2.o(i._printf_core) for _printf_core
    printf2.o(i.__0sprintf$2) refers to printf2.o(i._sputc) for _sputc
    printf2.o(i.__0vfprintf$2) refers to printf2.o(i._printf_core) for _printf_core
    printf2.o(i.__0vfprintf$2) refers to bsp_usart.o(i.fputc) for fputc
    printf2.o(i.__0vprintf$2) refers to printf2.o(i._printf_core) for _printf_core
    printf2.o(i.__0vprintf$2) refers to bsp_usart.o(i.fputc) for fputc
    printf2.o(i.__0vprintf$2) refers to stdout.o(.data) for __stdout
    printf2.o(i.__0vsnprintf$2) refers to printf2.o(i._printf_core) for _printf_core
    printf2.o(i.__0vsnprintf$2) refers to printf2.o(i._snputc) for _snputc
    printf2.o(i.__0vsprintf$2) refers to printf2.o(i._printf_core) for _printf_core
    printf2.o(i.__0vsprintf$2) refers to printf2.o(i._sputc) for _sputc
    printf3.o(i.__0fprintf$3) refers to printf3.o(i._printf_core) for _printf_core
    printf3.o(i.__0fprintf$3) refers to bsp_usart.o(i.fputc) for fputc
    printf3.o(i.__0printf$3) refers to printf3.o(i._printf_core) for _printf_core
    printf3.o(i.__0printf$3) refers to bsp_usart.o(i.fputc) for fputc
    printf3.o(i.__0printf$3) refers to stdout.o(.data) for __stdout
    printf3.o(i.__0snprintf$3) refers to printf3.o(i._printf_core) for _printf_core
    printf3.o(i.__0snprintf$3) refers to printf3.o(i._snputc) for _snputc
    printf3.o(i.__0sprintf$3) refers to printf3.o(i._printf_core) for _printf_core
    printf3.o(i.__0sprintf$3) refers to printf3.o(i._sputc) for _sputc
    printf3.o(i.__0vfprintf$3) refers to printf3.o(i._printf_core) for _printf_core
    printf3.o(i.__0vfprintf$3) refers to bsp_usart.o(i.fputc) for fputc
    printf3.o(i.__0vprintf$3) refers to printf3.o(i._printf_core) for _printf_core
    printf3.o(i.__0vprintf$3) refers to bsp_usart.o(i.fputc) for fputc
    printf3.o(i.__0vprintf$3) refers to stdout.o(.data) for __stdout
    printf3.o(i.__0vsnprintf$3) refers to printf3.o(i._printf_core) for _printf_core
    printf3.o(i.__0vsnprintf$3) refers to printf3.o(i._snputc) for _snputc
    printf3.o(i.__0vsprintf$3) refers to printf3.o(i._printf_core) for _printf_core
    printf3.o(i.__0vsprintf$3) refers to printf3.o(i._sputc) for _sputc
    printf3.o(i._printf_core) refers to uidiv.o(.text) for __aeabi_uidivmod
    printf4.o(i.__0fprintf$4) refers to printf4.o(i._printf_core) for _printf_core
    printf4.o(i.__0fprintf$4) refers to bsp_usart.o(i.fputc) for fputc
    printf4.o(i.__0printf$4) refers to printf4.o(i._printf_core) for _printf_core
    printf4.o(i.__0printf$4) refers to bsp_usart.o(i.fputc) for fputc
    printf4.o(i.__0printf$4) refers to stdout.o(.data) for __stdout
    printf4.o(i.__0snprintf$4) refers to printf4.o(i._printf_core) for _printf_core
    printf4.o(i.__0snprintf$4) refers to printf4.o(i._snputc) for _snputc
    printf4.o(i.__0sprintf$4) refers to printf4.o(i._printf_core) for _printf_core
    printf4.o(i.__0sprintf$4) refers to printf4.o(i._sputc) for _sputc
    printf4.o(i.__0vfprintf$4) refers to printf4.o(i._printf_core) for _printf_core
    printf4.o(i.__0vfprintf$4) refers to bsp_usart.o(i.fputc) for fputc
    printf4.o(i.__0vprintf$4) refers to printf4.o(i._printf_core) for _printf_core
    printf4.o(i.__0vprintf$4) refers to bsp_usart.o(i.fputc) for fputc
    printf4.o(i.__0vprintf$4) refers to stdout.o(.data) for __stdout
    printf4.o(i.__0vsnprintf$4) refers to printf4.o(i._printf_core) for _printf_core
    printf4.o(i.__0vsnprintf$4) refers to printf4.o(i._snputc) for _snputc
    printf4.o(i.__0vsprintf$4) refers to printf4.o(i._printf_core) for _printf_core
    printf4.o(i.__0vsprintf$4) refers to printf4.o(i._sputc) for _sputc
    printf4.o(i._printf_core) refers to uldiv.o(.text) for __aeabi_uldivmod
    printf5.o(i.__0fprintf$5) refers to printf5.o(i._printf_core) for _printf_core
    printf5.o(i.__0fprintf$5) refers to bsp_usart.o(i.fputc) for fputc
    printf5.o(i.__0printf$5) refers to printf5.o(i._printf_core) for _printf_core
    printf5.o(i.__0printf$5) refers to bsp_usart.o(i.fputc) for fputc
    printf5.o(i.__0printf$5) refers to stdout.o(.data) for __stdout
    printf5.o(i.__0snprintf$5) refers to printf5.o(i._printf_core) for _printf_core
    printf5.o(i.__0snprintf$5) refers to printf5.o(i._snputc) for _snputc
    printf5.o(i.__0sprintf$5) refers to printf5.o(i._printf_core) for _printf_core
    printf5.o(i.__0sprintf$5) refers to printf5.o(i._sputc) for _sputc
    printf5.o(i.__0vfprintf$5) refers to printf5.o(i._printf_core) for _printf_core
    printf5.o(i.__0vfprintf$5) refers to bsp_usart.o(i.fputc) for fputc
    printf5.o(i.__0vprintf$5) refers to printf5.o(i._printf_core) for _printf_core
    printf5.o(i.__0vprintf$5) refers to bsp_usart.o(i.fputc) for fputc
    printf5.o(i.__0vprintf$5) refers to stdout.o(.data) for __stdout
    printf5.o(i.__0vsnprintf$5) refers to printf5.o(i._printf_core) for _printf_core
    printf5.o(i.__0vsnprintf$5) refers to printf5.o(i._snputc) for _snputc
    printf5.o(i.__0vsprintf$5) refers to printf5.o(i._printf_core) for _printf_core
    printf5.o(i.__0vsprintf$5) refers to printf5.o(i._sputc) for _sputc
    printf5.o(i._printf_core) refers to uldiv.o(.text) for __aeabi_uldivmod
    printf6.o(i.__0fprintf$6) refers to printf6.o(i._printf_core) for _printf_core
    printf6.o(i.__0fprintf$6) refers to bsp_usart.o(i.fputc) for fputc
    printf6.o(i.__0printf$6) refers to printf6.o(i._printf_core) for _printf_core
    printf6.o(i.__0printf$6) refers to bsp_usart.o(i.fputc) for fputc
    printf6.o(i.__0printf$6) refers to stdout.o(.data) for __stdout
    printf6.o(i.__0snprintf$6) refers to printf6.o(i._printf_core) for _printf_core
    printf6.o(i.__0snprintf$6) refers to printf6.o(i._snputc) for _snputc
    printf6.o(i.__0sprintf$6) refers to printf6.o(i._printf_core) for _printf_core
    printf6.o(i.__0sprintf$6) refers to printf6.o(i._sputc) for _sputc
    printf6.o(i.__0vfprintf$6) refers to printf6.o(i._printf_core) for _printf_core
    printf6.o(i.__0vfprintf$6) refers to bsp_usart.o(i.fputc) for fputc
    printf6.o(i.__0vprintf$6) refers to printf6.o(i._printf_core) for _printf_core
    printf6.o(i.__0vprintf$6) refers to bsp_usart.o(i.fputc) for fputc
    printf6.o(i.__0vprintf$6) refers to stdout.o(.data) for __stdout
    printf6.o(i.__0vsnprintf$6) refers to printf6.o(i._printf_core) for _printf_core
    printf6.o(i.__0vsnprintf$6) refers to printf6.o(i._snputc) for _snputc
    printf6.o(i.__0vsprintf$6) refers to printf6.o(i._printf_core) for _printf_core
    printf6.o(i.__0vsprintf$6) refers to printf6.o(i._sputc) for _sputc
    printf6.o(i._printf_core) refers to printf6.o(i._printf_pre_padding) for _printf_pre_padding
    printf6.o(i._printf_core) refers to uidiv.o(.text) for __aeabi_uidivmod
    printf6.o(i._printf_core) refers to printf6.o(i._printf_post_padding) for _printf_post_padding
    printf7.o(i.__0fprintf$7) refers to printf7.o(i._printf_core) for _printf_core
    printf7.o(i.__0fprintf$7) refers to bsp_usart.o(i.fputc) for fputc
    printf7.o(i.__0printf$7) refers to printf7.o(i._printf_core) for _printf_core
    printf7.o(i.__0printf$7) refers to bsp_usart.o(i.fputc) for fputc
    printf7.o(i.__0printf$7) refers to stdout.o(.data) for __stdout
    printf7.o(i.__0snprintf$7) refers to printf7.o(i._printf_core) for _printf_core
    printf7.o(i.__0snprintf$7) refers to printf7.o(i._snputc) for _snputc
    printf7.o(i.__0sprintf$7) refers to printf7.o(i._printf_core) for _printf_core
    printf7.o(i.__0sprintf$7) refers to printf7.o(i._sputc) for _sputc
    printf7.o(i.__0vfprintf$7) refers to printf7.o(i._printf_core) for _printf_core
    printf7.o(i.__0vfprintf$7) refers to bsp_usart.o(i.fputc) for fputc
    printf7.o(i.__0vprintf$7) refers to printf7.o(i._printf_core) for _printf_core
    printf7.o(i.__0vprintf$7) refers to bsp_usart.o(i.fputc) for fputc
    printf7.o(i.__0vprintf$7) refers to stdout.o(.data) for __stdout
    printf7.o(i.__0vsnprintf$7) refers to printf7.o(i._printf_core) for _printf_core
    printf7.o(i.__0vsnprintf$7) refers to printf7.o(i._snputc) for _snputc
    printf7.o(i.__0vsprintf$7) refers to printf7.o(i._printf_core) for _printf_core
    printf7.o(i.__0vsprintf$7) refers to printf7.o(i._sputc) for _sputc
    printf7.o(i._printf_core) refers to printf7.o(i._printf_pre_padding) for _printf_pre_padding
    printf7.o(i._printf_core) refers to uldiv.o(.text) for __aeabi_uldivmod
    printf7.o(i._printf_core) refers to printf7.o(i._printf_post_padding) for _printf_post_padding
    printf8.o(i.__0fprintf$8) refers to printf8.o(i._printf_core) for _printf_core
    printf8.o(i.__0fprintf$8) refers to bsp_usart.o(i.fputc) for fputc
    printf8.o(i.__0printf$8) refers to printf8.o(i._printf_core) for _printf_core
    printf8.o(i.__0printf$8) refers to bsp_usart.o(i.fputc) for fputc
    printf8.o(i.__0printf$8) refers to stdout.o(.data) for __stdout
    printf8.o(i.__0snprintf$8) refers to printf8.o(i._printf_core) for _printf_core
    printf8.o(i.__0snprintf$8) refers to printf8.o(i._snputc) for _snputc
    printf8.o(i.__0sprintf$8) refers to printf8.o(i._printf_core) for _printf_core
    printf8.o(i.__0sprintf$8) refers to printf8.o(i._sputc) for _sputc
    printf8.o(i.__0vfprintf$8) refers to printf8.o(i._printf_core) for _printf_core
    printf8.o(i.__0vfprintf$8) refers to bsp_usart.o(i.fputc) for fputc
    printf8.o(i.__0vprintf$8) refers to printf8.o(i._printf_core) for _printf_core
    printf8.o(i.__0vprintf$8) refers to bsp_usart.o(i.fputc) for fputc
    printf8.o(i.__0vprintf$8) refers to stdout.o(.data) for __stdout
    printf8.o(i.__0vsnprintf$8) refers to printf8.o(i._printf_core) for _printf_core
    printf8.o(i.__0vsnprintf$8) refers to printf8.o(i._snputc) for _snputc
    printf8.o(i.__0vsprintf$8) refers to printf8.o(i._printf_core) for _printf_core
    printf8.o(i.__0vsprintf$8) refers to printf8.o(i._sputc) for _sputc
    printf8.o(i._printf_core) refers to printf8.o(i._printf_pre_padding) for _printf_pre_padding
    printf8.o(i._printf_core) refers to uldiv.o(.text) for __aeabi_uldivmod
    printf8.o(i._printf_core) refers to printf8.o(i._printf_post_padding) for _printf_post_padding
    printfa.o(i.__0fprintf) refers (Special) to iusefp.o(.text) for __I$use$fp
    printfa.o(i.__0fprintf) refers to printfa.o(i._printf_core) for _printf_core
    printfa.o(i.__0fprintf) refers to bsp_usart.o(i.fputc) for fputc
    printfa.o(i.__0printf) refers (Special) to iusefp.o(.text) for __I$use$fp
    printfa.o(i.__0printf) refers to printfa.o(i._printf_core) for _printf_core
    printfa.o(i.__0printf) refers to bsp_usart.o(i.fputc) for fputc
    printfa.o(i.__0printf) refers to stdout.o(.data) for __stdout
    printfa.o(i.__0snprintf) refers (Special) to iusefp.o(.text) for __I$use$fp
    printfa.o(i.__0snprintf) refers to printfa.o(i._printf_core) for _printf_core
    printfa.o(i.__0snprintf) refers to printfa.o(i._snputc) for _snputc
    printfa.o(i.__0sprintf) refers (Special) to iusefp.o(.text) for __I$use$fp
    printfa.o(i.__0sprintf) refers to printfa.o(i._printf_core) for _printf_core
    printfa.o(i.__0sprintf) refers to printfa.o(i._sputc) for _sputc
    printfa.o(i.__0vfprintf) refers (Special) to iusefp.o(.text) for __I$use$fp
    printfa.o(i.__0vfprintf) refers to printfa.o(i._printf_core) for _printf_core
    printfa.o(i.__0vfprintf) refers to bsp_usart.o(i.fputc) for fputc
    printfa.o(i.__0vprintf) refers (Special) to iusefp.o(.text) for __I$use$fp
    printfa.o(i.__0vprintf) refers to printfa.o(i._printf_core) for _printf_core
    printfa.o(i.__0vprintf) refers to bsp_usart.o(i.fputc) for fputc
    printfa.o(i.__0vprintf) refers to stdout.o(.data) for __stdout
    printfa.o(i.__0vsnprintf) refers (Special) to iusefp.o(.text) for __I$use$fp
    printfa.o(i.__0vsnprintf) refers to printfa.o(i._printf_core) for _printf_core
    printfa.o(i.__0vsnprintf) refers to printfa.o(i._snputc) for _snputc
    printfa.o(i.__0vsprintf) refers (Special) to iusefp.o(.text) for __I$use$fp
    printfa.o(i.__0vsprintf) refers to printfa.o(i._printf_core) for _printf_core
    printfa.o(i.__0vsprintf) refers to printfa.o(i._sputc) for _sputc
    printfa.o(i._fp_digits) refers (Special) to iusefp.o(.text) for __I$use$fp
    printfa.o(i._fp_digits) refers to dmul.o(.text) for __aeabi_dmul
    printfa.o(i._fp_digits) refers to ddiv.o(.text) for __aeabi_ddiv
    printfa.o(i._fp_digits) refers to cdrcmple.o(.text) for __aeabi_cdrcmple
    printfa.o(i._fp_digits) refers to dadd.o(.text) for __aeabi_dadd
    printfa.o(i._fp_digits) refers to dfixul.o(.text) for __aeabi_d2ulz
    printfa.o(i._fp_digits) refers to uldiv.o(.text) for __aeabi_uldivmod
    printfa.o(i._printf_core) refers (Special) to iusefp.o(.text) for __I$use$fp
    printfa.o(i._printf_core) refers to printfa.o(i._printf_pre_padding) for _printf_pre_padding
    printfa.o(i._printf_core) refers to uldiv.o(.text) for __aeabi_uldivmod
    printfa.o(i._printf_core) refers to printfa.o(i._printf_post_padding) for _printf_post_padding
    printfa.o(i._printf_core) refers to printfa.o(i._fp_digits) for _fp_digits
    printfa.o(i._printf_core) refers to uidiv.o(.text) for __aeabi_uidivmod
    printfa.o(i._printf_post_padding) refers (Special) to iusefp.o(.text) for __I$use$fp
    printfa.o(i._printf_pre_padding) refers (Special) to iusefp.o(.text) for __I$use$fp
    printfa.o(i._snputc) refers (Special) to iusefp.o(.text) for __I$use$fp
    printfa.o(i._sputc) refers (Special) to iusefp.o(.text) for __I$use$fp
    entry2.o(.ARM.Collect$$$$00000001) refers to entry2.o(.ARM.Collect$$$$00002712) for __lit__00000000
    entry2.o(.ARM.Collect$$$$00002712) refers to startup_n32g45x.o(STACK) for __initial_sp
    entry2.o(__vectab_stack_and_reset_area) refers to startup_n32g45x.o(STACK) for __initial_sp
    entry2.o(__vectab_stack_and_reset_area) refers to entry.o(.ARM.Collect$$$$00000000) for __main
    entry5.o(.ARM.Collect$$$$00000004) refers to init.o(.text) for __scatterload
    entry9a.o(.ARM.Collect$$$$0000000B) refers to main.o(i.main) for main
    entry9b.o(.ARM.Collect$$$$0000000C) refers to main.o(i.main) for main
    uldiv.o(.text) refers to llushr.o(.text) for __aeabi_llsr
    uldiv.o(.text) refers to llshl.o(.text) for __aeabi_llsl
    dadd.o(.text) refers to llshl.o(.text) for __aeabi_llsl
    dadd.o(.text) refers to llsshr.o(.text) for __aeabi_lasr
    dadd.o(.text) refers to depilogue.o(.text) for _double_epilogue
    dmul.o(.text) refers to depilogue.o(.text) for _double_epilogue
    ddiv.o(.text) refers to depilogue.o(.text) for _double_round
    dfixul.o(.text) refers to llushr.o(.text) for __aeabi_llsr
    dfixul.o(.text) refers to llshl.o(.text) for __aeabi_llsl
    init.o(.text) refers to entry5.o(.ARM.Collect$$$$00000004) for __main_after_scatterload
    depilogue.o(.text) refers to llshl.o(.text) for __aeabi_llsl
    depilogue.o(.text) refers to llushr.o(.text) for __aeabi_llsr


==============================================================================

Removing Unused input sections from the image.

    Removing startup_n32g45x.o(HEAP), (768 bytes).
    Removing system_n32g45x.o(.rev16_text), (4 bytes).
    Removing system_n32g45x.o(.revsh_text), (4 bytes).
    Removing system_n32g45x.o(.rrx_text), (6 bytes).
    Removing system_n32g45x.o(i.SystemCoreClockUpdate), (188 bytes).
    Removing system_n32g45x.o(.constdata), (16 bytes).
    Removing n32g45x_flash.o(.rev16_text), (4 bytes).
    Removing n32g45x_flash.o(.revsh_text), (4 bytes).
    Removing n32g45x_flash.o(.rrx_text), (6 bytes).
    Removing n32g45x_flash.o(i.FLASH_ClearFlag), (80 bytes).
    Removing n32g45x_flash.o(i.FLASH_ConfigUserOB), (380 bytes).
    Removing n32g45x_flash.o(i.FLASH_EnWriteProtection), (248 bytes).
    Removing n32g45x_flash.o(i.FLASH_EraseOB), (200 bytes).
    Removing n32g45x_flash.o(i.FLASH_EraseOnePage), (148 bytes).
    Removing n32g45x_flash.o(i.FLASH_GetFlagSTS), (128 bytes).
    Removing n32g45x_flash.o(i.FLASH_GetPrefetchBufSTS), (24 bytes).
    Removing n32g45x_flash.o(i.FLASH_GetReadOutProtectionL2STS), (24 bytes).
    Removing n32g45x_flash.o(i.FLASH_GetReadOutProtectionSTS), (24 bytes).
    Removing n32g45x_flash.o(i.FLASH_GetSMPSELStatus), (24 bytes).
    Removing n32g45x_flash.o(i.FLASH_GetSTS), (80 bytes).
    Removing n32g45x_flash.o(i.FLASH_GetUserOB), (16 bytes).
    Removing n32g45x_flash.o(i.FLASH_GetWriteProtectionOB), (12 bytes).
    Removing n32g45x_flash.o(i.FLASH_INTConfig), (136 bytes).
    Removing n32g45x_flash.o(i.FLASH_Lock), (20 bytes).
    Removing n32g45x_flash.o(i.FLASH_MassErase), (80 bytes).
    Removing n32g45x_flash.o(i.FLASH_ProgramOBData), (164 bytes).
    Removing n32g45x_flash.o(i.FLASH_ProgramWord), (152 bytes).
    Removing n32g45x_flash.o(i.FLASH_ReadOutProtectionL1), (264 bytes).
    Removing n32g45x_flash.o(i.FLASH_ReadOutProtectionL2_ENABLE), (236 bytes).
    Removing n32g45x_flash.o(i.FLASH_SetSMPSELStatus), (92 bytes).
    Removing n32g45x_flash.o(i.FLASH_Unlock), (24 bytes).
    Removing n32g45x_flash.o(i.FLASH_WaitForLastOpt), (38 bytes).
    Removing n32g45x_flash.o(i.FLASH_iCacheRST), (20 bytes).
    Removing n32g45x_gpio.o(.rev16_text), (4 bytes).
    Removing n32g45x_gpio.o(.revsh_text), (4 bytes).
    Removing n32g45x_gpio.o(.rrx_text), (6 bytes).
    Removing n32g45x_gpio.o(i.GPIO_AFIOInitDefault), (20 bytes).
    Removing n32g45x_gpio.o(i.GPIO_ConfigEXTILine), (260 bytes).
    Removing n32g45x_gpio.o(i.GPIO_ConfigEventOutput), (224 bytes).
    Removing n32g45x_gpio.o(i.GPIO_ConfigPinLock), (180 bytes).
    Removing n32g45x_gpio.o(i.GPIO_ConfigPinRemap), (1724 bytes).
    Removing n32g45x_gpio.o(i.GPIO_CtrlEventOutput), (68 bytes).
    Removing n32g45x_gpio.o(i.GPIO_ETH_ConfigMediaInterface), (100 bytes).
    Removing n32g45x_gpio.o(i.GPIO_InitStruct), (16 bytes).
    Removing n32g45x_gpio.o(i.GPIO_ReadInputData), (128 bytes).
    Removing n32g45x_gpio.o(i.GPIO_ReadOutputData), (128 bytes).
    Removing n32g45x_gpio.o(i.GPIO_ReadOutputDataBit), (260 bytes).
    Removing n32g45x_gpio.o(i.GPIO_ResetBits), (168 bytes).
    Removing n32g45x_gpio.o(i.GPIO_SetBits), (168 bytes).
    Removing n32g45x_gpio.o(i.GPIO_SetBitsHigh16), (128 bytes).
    Removing n32g45x_gpio.o(i.GPIO_Write), (128 bytes).
    Removing n32g45x_gpio.o(i.GPIO_WriteBit), (300 bytes).
    Removing n32g45x_iwdg.o(.rev16_text), (4 bytes).
    Removing n32g45x_iwdg.o(.revsh_text), (4 bytes).
    Removing n32g45x_iwdg.o(.rrx_text), (6 bytes).
    Removing n32g45x_iwdg.o(i.IWDG_CntReload), (60 bytes).
    Removing n32g45x_iwdg.o(i.IWDG_Enable), (16 bytes).
    Removing n32g45x_iwdg.o(i.IWDG_GetStatus), (76 bytes).
    Removing n32g45x_rcc.o(.rev16_text), (4 bytes).
    Removing n32g45x_rcc.o(.revsh_text), (4 bytes).
    Removing n32g45x_rcc.o(.rrx_text), (6 bytes).
    Removing n32g45x_rcc.o(i.RCC_ClrFlag), (28 bytes).
    Removing n32g45x_rcc.o(i.RCC_ClrIntPendingBit), (64 bytes).
    Removing n32g45x_rcc.o(i.RCC_ConfigAdc1mClk), (344 bytes).
    Removing n32g45x_rcc.o(i.RCC_ConfigAdcHclk), (124 bytes).
    Removing n32g45x_rcc.o(i.RCC_ConfigAdcPllClk), (244 bytes).
    Removing n32g45x_rcc.o(i.RCC_ConfigHse), (128 bytes).
    Removing n32g45x_rcc.o(i.RCC_ConfigInt), (132 bytes).
    Removing n32g45x_rcc.o(i.RCC_ConfigLse), (104 bytes).
    Removing n32g45x_rcc.o(i.RCC_ConfigMco), (84 bytes).
    Removing n32g45x_rcc.o(i.RCC_ConfigMcoPllClk), (172 bytes).
    Removing n32g45x_rcc.o(i.RCC_ConfigRngcClk), (276 bytes).
    Removing n32g45x_rcc.o(i.RCC_ConfigRtcClk), (104 bytes).
    Removing n32g45x_rcc.o(i.RCC_ConfigTim18Clk), (92 bytes).
    Removing n32g45x_rcc.o(i.RCC_ConfigTrng1mClk), (256 bytes).
    Removing n32g45x_rcc.o(i.RCC_ConfigUsbClk), (92 bytes).
    Removing n32g45x_rcc.o(i.RCC_EnableAHBPeriphClk), (152 bytes).
    Removing n32g45x_rcc.o(i.RCC_EnableAHBPeriphReset), (152 bytes).
    Removing n32g45x_rcc.o(i.RCC_EnableBORReset), (92 bytes).
    Removing n32g45x_rcc.o(i.RCC_EnableBackupReset), (68 bytes).
    Removing n32g45x_rcc.o(i.RCC_EnableClockSecuritySystem), (68 bytes).
    Removing n32g45x_rcc.o(i.RCC_EnableLsi), (68 bytes).
    Removing n32g45x_rcc.o(i.RCC_EnableRtcClk), (68 bytes).
    Removing n32g45x_rcc.o(i.RCC_EnableTrng1mClk), (92 bytes).
    Removing n32g45x_rcc.o(i.RCC_GetIntStatus), (96 bytes).
    Removing n32g45x_rcc.o(i.RCC_SetHsiCalibValue), (88 bytes).
    Removing n32g45x_rcc.o(i.RCC_WaitHseStable), (56 bytes).
    Removing n32g45x_usart.o(.rev16_text), (4 bytes).
    Removing n32g45x_usart.o(.revsh_text), (4 bytes).
    Removing n32g45x_usart.o(.rrx_text), (6 bytes).
    Removing n32g45x_usart.o(i.USART_ClockInit), (408 bytes).
    Removing n32g45x_usart.o(i.USART_ClockStructInit), (12 bytes).
    Removing n32g45x_usart.o(i.USART_ClrIntPendingBit), (288 bytes).
    Removing n32g45x_usart.o(i.USART_ConfigInt), (412 bytes).
    Removing n32g45x_usart.o(i.USART_ConfigIrDAMode), (196 bytes).
    Removing n32g45x_usart.o(i.USART_ConfigLINBreakDetectLength), (224 bytes).
    Removing n32g45x_usart.o(i.USART_ConfigWakeUpMode), (200 bytes).
    Removing n32g45x_usart.o(i.USART_EnableDMA), (248 bytes).
    Removing n32g45x_usart.o(i.USART_EnableHalfDuplex), (196 bytes).
    Removing n32g45x_usart.o(i.USART_EnableIrDA), (196 bytes).
    Removing n32g45x_usart.o(i.USART_EnableLIN), (196 bytes).
    Removing n32g45x_usart.o(i.USART_EnableRcvWakeUp), (196 bytes).
    Removing n32g45x_usart.o(i.USART_EnableSmartCard), (156 bytes).
    Removing n32g45x_usart.o(i.USART_GetIntStatus), (388 bytes).
    Removing n32g45x_usart.o(i.USART_ReceiveData), (128 bytes).
    Removing n32g45x_usart.o(i.USART_SendBreak), (132 bytes).
    Removing n32g45x_usart.o(i.USART_SetAddr), (192 bytes).
    Removing n32g45x_usart.o(i.USART_SetGuardTime), (100 bytes).
    Removing n32g45x_usart.o(i.USART_SetPrescaler), (140 bytes).
    Removing n32g45x_usart.o(i.USART_SetSmartCardNACK), (156 bytes).
    Removing n32g45x_usart.o(i.USART_StructInit), (24 bytes).
    Removing main.o(.rev16_text), (4 bytes).
    Removing main.o(.revsh_text), (4 bytes).
    Removing main.o(.rrx_text), (6 bytes).
    Removing n32g45x_it.o(.rev16_text), (4 bytes).
    Removing n32g45x_it.o(.revsh_text), (4 bytes).
    Removing n32g45x_it.o(.rrx_text), (6 bytes).
    Removing n32g45x_it.o(i.DMA_IRQ_HANDLER), (2 bytes).
    Removing bsp_usart.o(.rev16_text), (4 bytes).
    Removing bsp_usart.o(.revsh_text), (4 bytes).
    Removing bsp_usart.o(.rrx_text), (6 bytes).
    Removing bsp_usart.o(i.Usart_SendArray), (48 bytes).
    Removing bsp_usart.o(i.Usart_SendHalfWord), (60 bytes).
    Removing bsp_usart.o(i.Usart_SendString), (42 bytes).
    Removing bsp_usart.o(i.fgetc), (32 bytes).
    Removing dadd.o(.text), (334 bytes).
    Removing dmul.o(.text), (228 bytes).
    Removing ddiv.o(.text), (222 bytes).
    Removing dfixul.o(.text), (48 bytes).
    Removing cdrcmple.o(.text), (48 bytes).
    Removing depilogue.o(.text), (186 bytes).

131 unused section(s) (total 16546 bytes) removed from the image.

==============================================================================

Image Symbol Table

    Local Symbols

    Symbol Name                              Value     Ov Type        Size  Object(Section)

    ../clib/microlib/division.c              0x00000000   Number         0  uldiv.o ABSOLUTE
    ../clib/microlib/division.c              0x00000000   Number         0  uidiv.o ABSOLUTE
    ../clib/microlib/init/entry.s            0x00000000   Number         0  entry.o ABSOLUTE
    ../clib/microlib/init/entry.s            0x00000000   Number         0  entry5.o ABSOLUTE
    ../clib/microlib/init/entry.s            0x00000000   Number         0  entry7a.o ABSOLUTE
    ../clib/microlib/init/entry.s            0x00000000   Number         0  entry9b.o ABSOLUTE
    ../clib/microlib/init/entry.s            0x00000000   Number         0  entry10b.o ABSOLUTE
    ../clib/microlib/init/entry.s            0x00000000   Number         0  entry10a.o ABSOLUTE
    ../clib/microlib/init/entry.s            0x00000000   Number         0  entry9a.o ABSOLUTE
    ../clib/microlib/init/entry.s            0x00000000   Number         0  entry7b.o ABSOLUTE
    ../clib/microlib/init/entry.s            0x00000000   Number         0  entry8a.o ABSOLUTE
    ../clib/microlib/init/entry.s            0x00000000   Number         0  entry8b.o ABSOLUTE
    ../clib/microlib/init/entry.s            0x00000000   Number         0  entry12b.o ABSOLUTE
    ../clib/microlib/init/entry.s            0x00000000   Number         0  entry12a.o ABSOLUTE
    ../clib/microlib/init/entry.s            0x00000000   Number         0  entry11b.o ABSOLUTE
    ../clib/microlib/init/entry.s            0x00000000   Number         0  entry11a.o ABSOLUTE
    ../clib/microlib/init/entry.s            0x00000000   Number         0  entry2.o ABSOLUTE
    ../clib/microlib/longlong.c              0x00000000   Number         0  llsshr.o ABSOLUTE
    ../clib/microlib/longlong.c              0x00000000   Number         0  llushr.o ABSOLUTE
    ../clib/microlib/longlong.c              0x00000000   Number         0  llshl.o ABSOLUTE
    ../clib/microlib/printf/printf.c         0x00000000   Number         0  printf5.o ABSOLUTE
    ../clib/microlib/printf/printf.c         0x00000000   Number         0  printf2.o ABSOLUTE
    ../clib/microlib/printf/printf.c         0x00000000   Number         0  printf4.o ABSOLUTE
    ../clib/microlib/printf/printf.c         0x00000000   Number         0  printf3.o ABSOLUTE
    ../clib/microlib/printf/printf.c         0x00000000   Number         0  printf1.o ABSOLUTE
    ../clib/microlib/printf/printf.c         0x00000000   Number         0  printfa.o ABSOLUTE
    ../clib/microlib/printf/printf.c         0x00000000   Number         0  printf8.o ABSOLUTE
    ../clib/microlib/printf/printf.c         0x00000000   Number         0  printf7.o ABSOLUTE
    ../clib/microlib/printf/printf.c         0x00000000   Number         0  printf0.o ABSOLUTE
    ../clib/microlib/printf/printf.c         0x00000000   Number         0  printfb.o ABSOLUTE
    ../clib/microlib/printf/printf.c         0x00000000   Number         0  printf6.o ABSOLUTE
    ../clib/microlib/stdio/streams.c         0x00000000   Number         0  stdout.o ABSOLUTE
    ../clib/microlib/stubs.s                 0x00000000   Number         0  iusefp.o ABSOLUTE
    ../fplib/microlib/fpadd.c                0x00000000   Number         0  dadd.o ABSOLUTE
    ../fplib/microlib/fpdiv.c                0x00000000   Number         0  ddiv.o ABSOLUTE
    ../fplib/microlib/fpepilogue.c           0x00000000   Number         0  depilogue.o ABSOLUTE
    ../fplib/microlib/fpfix.c                0x00000000   Number         0  dfixul.o ABSOLUTE
    ../fplib/microlib/fpmul.c                0x00000000   Number         0  dmul.o ABSOLUTE
    ..\..\..\..\..\..\firmware\CMSIS\device\startup\startup_n32g45x.s 0x00000000   Number         0  startup_n32g45x.o ABSOLUTE
    ..\..\..\..\..\..\firmware\CMSIS\device\system_n32g45x.c 0x00000000   Number         0  system_n32g45x.o ABSOLUTE
    ..\..\..\..\..\..\firmware\n32g45x_std_periph_driver\src\n32g45x_flash.c 0x00000000   Number         0  n32g45x_flash.o ABSOLUTE
    ..\..\..\..\..\..\firmware\n32g45x_std_periph_driver\src\n32g45x_gpio.c 0x00000000   Number         0  n32g45x_gpio.o ABSOLUTE
    ..\..\..\..\..\..\firmware\n32g45x_std_periph_driver\src\n32g45x_iwdg.c 0x00000000   Number         0  n32g45x_iwdg.o ABSOLUTE
    ..\..\..\..\..\..\firmware\n32g45x_std_periph_driver\src\n32g45x_rcc.c 0x00000000   Number         0  n32g45x_rcc.o ABSOLUTE
    ..\..\..\..\..\..\firmware\n32g45x_std_periph_driver\src\n32g45x_usart.c 0x00000000   Number         0  n32g45x_usart.o ABSOLUTE
    ..\\..\\..\\..\\..\\..\\firmware\\CMSIS\\device\\system_n32g45x.c 0x00000000   Number         0  system_n32g45x.o ABSOLUTE
    ..\\..\\..\\..\\..\\..\\firmware\\n32g45x_std_periph_driver\\src\\n32g45x_flash.c 0x00000000   Number         0  n32g45x_flash.o ABSOLUTE
    ..\\..\\..\\..\\..\\..\\firmware\\n32g45x_std_periph_driver\\src\\n32g45x_gpio.c 0x00000000   Number         0  n32g45x_gpio.o ABSOLUTE
    ..\\..\\..\\..\\..\\..\\firmware\\n32g45x_std_periph_driver\\src\\n32g45x_iwdg.c 0x00000000   Number         0  n32g45x_iwdg.o ABSOLUTE
    ..\\..\\..\\..\\..\\..\\firmware\\n32g45x_std_periph_driver\\src\\n32g45x_rcc.c 0x00000000   Number         0  n32g45x_rcc.o ABSOLUTE
    ..\\..\\..\\..\\..\\..\\firmware\\n32g45x_std_periph_driver\\src\\n32g45x_usart.c 0x00000000   Number         0  n32g45x_usart.o ABSOLUTE
    ..\\src\\bsp_usart.c                     0x00000000   Number         0  bsp_usart.o ABSOLUTE
    ..\\src\\main.c                          0x00000000   Number         0  main.o ABSOLUTE
    ..\\src\\n32g45x_it.c                    0x00000000   Number         0  n32g45x_it.o ABSOLUTE
    ..\src\bsp_usart.c                       0x00000000   Number         0  bsp_usart.o ABSOLUTE
    ..\src\main.c                            0x00000000   Number         0  main.o ABSOLUTE
    ..\src\n32g45x_it.c                      0x00000000   Number         0  n32g45x_it.o ABSOLUTE
    cdrcmple.s                               0x00000000   Number         0  cdrcmple.o ABSOLUTE
    dc.s                                     0x00000000   Number         0  dc.o ABSOLUTE
    handlers.s                               0x00000000   Number         0  handlers.o ABSOLUTE
    init.s                                   0x00000000   Number         0  init.o ABSOLUTE
    RESET                                    0x08000000   Section      408  startup_n32g45x.o(RESET)
    .ARM.Collect$$$$00000000                 0x08000198   Section        0  entry.o(.ARM.Collect$$$$00000000)
    .ARM.Collect$$$$00000001                 0x08000198   Section        4  entry2.o(.ARM.Collect$$$$00000001)
    .ARM.Collect$$$$00000004                 0x0800019c   Section        4  entry5.o(.ARM.Collect$$$$00000004)
    .ARM.Collect$$$$00000008                 0x080001a0   Section        0  entry7b.o(.ARM.Collect$$$$00000008)
    .ARM.Collect$$$$0000000A                 0x080001a0   Section        0  entry8b.o(.ARM.Collect$$$$0000000A)
    .ARM.Collect$$$$0000000B                 0x080001a0   Section        8  entry9a.o(.ARM.Collect$$$$0000000B)
    .ARM.Collect$$$$0000000E                 0x080001a8   Section        4  entry12b.o(.ARM.Collect$$$$0000000E)
    .ARM.Collect$$$$0000000F                 0x080001ac   Section        0  entry10a.o(.ARM.Collect$$$$0000000F)
    .ARM.Collect$$$$00000011                 0x080001ac   Section        0  entry11a.o(.ARM.Collect$$$$00000011)
    .ARM.Collect$$$$00002712                 0x080001ac   Section        4  entry2.o(.ARM.Collect$$$$00002712)
    __lit__00000000                          0x080001ac   Data           4  entry2.o(.ARM.Collect$$$$00002712)
    .text                                    0x080001b0   Section       36  startup_n32g45x.o(.text)
    $v0                                      0x080001b0   Number         0  startup_n32g45x.o(.text)
    .text                                    0x080001d4   Section       36  init.o(.text)
    i.BusFault_Handler                       0x080001f8   Section        0  n32g45x_it.o(i.BusFault_Handler)
    i.DebugMon_Handler                       0x080001fc   Section        0  n32g45x_it.o(i.DebugMon_Handler)
    i.Debug_USART_Config                     0x08000200   Section        0  bsp_usart.o(i.Debug_USART_Config)
    i.FLASH_PrefetchBufSet                   0x08000288   Section        0  n32g45x_flash.o(i.FLASH_PrefetchBufSet)
    i.FLASH_SetLatency                       0x080002ec   Section        0  n32g45x_flash.o(i.FLASH_SetLatency)
    i.FLASH_iCacheCmd                        0x08000348   Section        0  n32g45x_flash.o(i.FLASH_iCacheCmd)
    i.GPIO_DeInit                            0x080003a0   Section        0  n32g45x_gpio.o(i.GPIO_DeInit)
    i.GPIO_InitPeripheral                    0x080004c0   Section        0  n32g45x_gpio.o(i.GPIO_InitPeripheral)
    i.GPIO_ReadInputDataBit                  0x08000700   Section        0  n32g45x_gpio.o(i.GPIO_ReadInputDataBit)
    i.HardFault_Handler                      0x08000804   Section        0  n32g45x_it.o(i.HardFault_Handler)
    i.IAP_Button_Config                      0x08000808   Section        0  main.o(i.IAP_Button_Config)
    i.IAP_Button_Read                        0x08000834   Section        0  main.o(i.IAP_Button_Read)
    i.IWDG_ReloadKey                         0x08000844   Section        0  n32g45x_iwdg.o(i.IWDG_ReloadKey)
    i.IWDG_SetPrescalerDiv                   0x08000854   Section        0  n32g45x_iwdg.o(i.IWDG_SetPrescalerDiv)
    i.IWDG_WriteConfig                       0x080008b4   Section        0  n32g45x_iwdg.o(i.IWDG_WriteConfig)
    i.Jump_To_BOOT                           0x080008fc   Section        0  main.o(i.Jump_To_BOOT)
    i.MemManage_Handler                      0x08000a00   Section        0  n32g45x_it.o(i.MemManage_Handler)
    i.NMI_Handler                            0x08000a04   Section        0  n32g45x_it.o(i.NMI_Handler)
    i.RCC_ConfigHclk                         0x08000a08   Section        0  n32g45x_rcc.o(i.RCC_ConfigHclk)
    i.RCC_ConfigPclk1                        0x08000a74   Section        0  n32g45x_rcc.o(i.RCC_ConfigPclk1)
    i.RCC_ConfigPclk2                        0x08000ad4   Section        0  n32g45x_rcc.o(i.RCC_ConfigPclk2)
    i.RCC_ConfigPll                          0x08000b38   Section        0  n32g45x_rcc.o(i.RCC_ConfigPll)
    i.RCC_ConfigSysclk                       0x08000cb0   Section        0  n32g45x_rcc.o(i.RCC_ConfigSysclk)
    i.RCC_DeInit                             0x08000d08   Section        0  n32g45x_rcc.o(i.RCC_DeInit)
    i.RCC_EnableAPB1PeriphClk                0x08000d64   Section        0  n32g45x_rcc.o(i.RCC_EnableAPB1PeriphClk)
    i.RCC_EnableAPB1PeriphReset              0x08000dfc   Section        0  n32g45x_rcc.o(i.RCC_EnableAPB1PeriphReset)
    i.RCC_EnableAPB2PeriphClk                0x08000e94   Section        0  n32g45x_rcc.o(i.RCC_EnableAPB2PeriphClk)
    i.RCC_EnableAPB2PeriphReset              0x08000f2c   Section        0  n32g45x_rcc.o(i.RCC_EnableAPB2PeriphReset)
    i.RCC_EnableHsi                          0x08000fc4   Section        0  n32g45x_rcc.o(i.RCC_EnableHsi)
    i.RCC_EnablePll                          0x08001008   Section        0  n32g45x_rcc.o(i.RCC_EnablePll)
    i.RCC_GetClocksFreqValue                 0x0800104c   Section        0  n32g45x_rcc.o(i.RCC_GetClocksFreqValue)
    i.RCC_GetFlagStatus                      0x08001158   Section        0  n32g45x_rcc.o(i.RCC_GetFlagStatus)
    i.RCC_GetSysclkSrc                       0x08001204   Section        0  n32g45x_rcc.o(i.RCC_GetSysclkSrc)
    i.SVC_Handler                            0x08001214   Section        0  n32g45x_it.o(i.SVC_Handler)
    i.SetSysClock                            0x08001218   Section        0  system_n32g45x.o(i.SetSysClock)
    SetSysClock                              0x08001219   Thumb Code   236  system_n32g45x.o(i.SetSysClock)
    i.SetSysClock_HSI_PLL                    0x0800131c   Section        0  main.o(i.SetSysClock_HSI_PLL)
    i.SysTick_Handler                        0x080013a4   Section        0  n32g45x_it.o(i.SysTick_Handler)
    i.SystemInit                             0x080013a8   Section        0  system_n32g45x.o(i.SystemInit)
    i.USART_ClrFlag                          0x08001458   Section        0  n32g45x_usart.o(i.USART_ClrFlag)
    i.USART_DeInit                           0x08001558   Section        0  n32g45x_usart.o(i.USART_DeInit)
    i.USART_Enable                           0x08001684   Section        0  n32g45x_usart.o(i.USART_Enable)
    i.USART_GetFlagStatus                    0x08001748   Section        0  n32g45x_usart.o(i.USART_GetFlagStatus)
    i.USART_Init                             0x0800186c   Section        0  n32g45x_usart.o(i.USART_Init)
    i.USART_SendData                         0x08001b68   Section        0  n32g45x_usart.o(i.USART_SendData)
    i.UsageFault_Handler                     0x08001c14   Section        0  n32g45x_it.o(i.UsageFault_Handler)
    i.Usart_SendByte                         0x08001c18   Section        0  bsp_usart.o(i.Usart_SendByte)
    i.__0printf$bare                         0x08001c40   Section        0  printfb.o(i.__0printf$bare)
    i.__scatterload_copy                     0x08001c50   Section       14  handlers.o(i.__scatterload_copy)
    i.__scatterload_null                     0x08001c5e   Section        2  handlers.o(i.__scatterload_null)
    i.__scatterload_zeroinit                 0x08001c60   Section       14  handlers.o(i.__scatterload_zeroinit)
    i._printf_core                           0x08001c6e   Section        0  printfb.o(i._printf_core)
    _printf_core                             0x08001c6f   Thumb Code    34  printfb.o(i._printf_core)
    i.assert_failed                          0x08001c90   Section        0  main.o(i.assert_failed)
    i.fputc                                  0x08001c94   Section        0  bsp_usart.o(i.fputc)
    i.main                                   0x08001cd8   Section        0  main.o(i.main)
    .constdata                               0x08001d84   Section       64  n32g45x_rcc.o(.constdata)
    s_ApbAhbPresTable                        0x08001d84   Data          16  n32g45x_rcc.o(.constdata)
    s_AdcHclkPresTable                       0x08001d94   Data          16  n32g45x_rcc.o(.constdata)
    s_AdcPllClkPresTable                     0x08001da4   Data          32  n32g45x_rcc.o(.constdata)
    .conststring                             0x08001dc4   Section       73  n32g45x_flash.o(.conststring)
    .conststring                             0x08001e10   Section       72  n32g45x_gpio.o(.conststring)
    .conststring                             0x08001e58   Section       72  n32g45x_iwdg.o(.conststring)
    .conststring                             0x08001ea0   Section       71  n32g45x_rcc.o(.conststring)
    .conststring                             0x08001ee8   Section      145  n32g45x_usart.o(.conststring)
    .data                                    0x20000000   Section        4  system_n32g45x.o(.data)
    .data                                    0x20000004   Section        4  bsp_usart.o(.data)
    is_lr_sent                               0x20000004   Data           4  bsp_usart.o(.data)
    .data                                    0x20000008   Section        4  stdout.o(.data)
    STACK                                    0x20000010   Section     5376  startup_n32g45x.o(STACK)

    Global Symbols

    Symbol Name                              Value     Ov Type        Size  Object(Section)

    BuildAttributes$$THM_ISAv4$E$P$D$K$B$S$7EM$VFPi3$EXTD16$VFPS$VFMA$PE$A:L22UL41UL21$X:L11$S22US41US21$IEEE1$IW$USESV6$~STKCKD$USESV7$~SHL$OSPACE$ROPI$EBA8$MICROLIB$REQ8$PRES8$EABIv2 0x00000000   Number         0  anon$$obj.o ABSOLUTE
    __ARM_use_no_argv                        0x00000000   Number         0  main.o ABSOLUTE
    __arm_fini_                               - Undefined Weak Reference
    __cpp_initialize__aeabi_                  - Undefined Weak Reference
    __cxa_finalize                            - Undefined Weak Reference
    __decompress                              - Undefined Weak Reference
    _clock_init                               - Undefined Weak Reference
    _microlib_exit                            - Undefined Weak Reference
    __Vectors_Size                           0x00000198   Number         0  startup_n32g45x.o ABSOLUTE
    __Vectors                                0x08000000   Data           4  startup_n32g45x.o(RESET)
    __Vectors_End                            0x08000198   Data           0  startup_n32g45x.o(RESET)
    __main                                   0x08000199   Thumb Code     0  entry.o(.ARM.Collect$$$$00000000)
    _main_stk                                0x08000199   Thumb Code     0  entry2.o(.ARM.Collect$$$$00000001)
    _main_scatterload                        0x0800019d   Thumb Code     0  entry5.o(.ARM.Collect$$$$00000004)
    __main_after_scatterload                 0x080001a1   Thumb Code     0  entry5.o(.ARM.Collect$$$$00000004)
    _main_clock                              0x080001a1   Thumb Code     0  entry7b.o(.ARM.Collect$$$$00000008)
    _main_cpp_init                           0x080001a1   Thumb Code     0  entry8b.o(.ARM.Collect$$$$0000000A)
    _main_init                               0x080001a1   Thumb Code     0  entry9a.o(.ARM.Collect$$$$0000000B)
    __rt_lib_shutdown_fini                   0x080001a9   Thumb Code     0  entry12b.o(.ARM.Collect$$$$0000000E)
    __rt_final_cpp                           0x080001ad   Thumb Code     0  entry10a.o(.ARM.Collect$$$$0000000F)
    __rt_final_exit                          0x080001ad   Thumb Code     0  entry11a.o(.ARM.Collect$$$$00000011)
    Reset_Handler                            0x080001b1   Thumb Code     8  startup_n32g45x.o(.text)
    PendSV_Handler                           0x080001c7   Thumb Code     2  startup_n32g45x.o(.text)
    ADC1_2_IRQHandler                        0x080001cb   Thumb Code     0  startup_n32g45x.o(.text)
    ADC3_4_IRQHandler                        0x080001cb   Thumb Code     0  startup_n32g45x.o(.text)
    CAN1_RX1_IRQHandler                      0x080001cb   Thumb Code     0  startup_n32g45x.o(.text)
    CAN1_SCE_IRQHandler                      0x080001cb   Thumb Code     0  startup_n32g45x.o(.text)
    CAN2_RX0_IRQHandler                      0x080001cb   Thumb Code     0  startup_n32g45x.o(.text)
    CAN2_RX1_IRQHandler                      0x080001cb   Thumb Code     0  startup_n32g45x.o(.text)
    CAN2_SCE_IRQHandler                      0x080001cb   Thumb Code     0  startup_n32g45x.o(.text)
    CAN2_TX_IRQHandler                       0x080001cb   Thumb Code     0  startup_n32g45x.o(.text)
    COMP7_IRQHandler                         0x080001cb   Thumb Code     0  startup_n32g45x.o(.text)
    COMP_1_2_3_IRQHandler                    0x080001cb   Thumb Code     0  startup_n32g45x.o(.text)
    COMP_4_5_6_IRQHandler                    0x080001cb   Thumb Code     0  startup_n32g45x.o(.text)
    DMA1_Channel1_IRQHandler                 0x080001cb   Thumb Code     0  startup_n32g45x.o(.text)
    DMA1_Channel2_IRQHandler                 0x080001cb   Thumb Code     0  startup_n32g45x.o(.text)
    DMA1_Channel3_IRQHandler                 0x080001cb   Thumb Code     0  startup_n32g45x.o(.text)
    DMA1_Channel4_IRQHandler                 0x080001cb   Thumb Code     0  startup_n32g45x.o(.text)
    DMA1_Channel5_IRQHandler                 0x080001cb   Thumb Code     0  startup_n32g45x.o(.text)
    DMA1_Channel6_IRQHandler                 0x080001cb   Thumb Code     0  startup_n32g45x.o(.text)
    DMA1_Channel7_IRQHandler                 0x080001cb   Thumb Code     0  startup_n32g45x.o(.text)
    DMA1_Channel8_IRQHandler                 0x080001cb   Thumb Code     0  startup_n32g45x.o(.text)
    DMA2_Channel1_IRQHandler                 0x080001cb   Thumb Code     0  startup_n32g45x.o(.text)
    DMA2_Channel2_IRQHandler                 0x080001cb   Thumb Code     0  startup_n32g45x.o(.text)
    DMA2_Channel3_IRQHandler                 0x080001cb   Thumb Code     0  startup_n32g45x.o(.text)
    DMA2_Channel4_IRQHandler                 0x080001cb   Thumb Code     0  startup_n32g45x.o(.text)
    DMA2_Channel5_IRQHandler                 0x080001cb   Thumb Code     0  startup_n32g45x.o(.text)
    DMA2_Channel6_IRQHandler                 0x080001cb   Thumb Code     0  startup_n32g45x.o(.text)
    DMA2_Channel7_IRQHandler                 0x080001cb   Thumb Code     0  startup_n32g45x.o(.text)
    DMA2_Channel8_IRQHandler                 0x080001cb   Thumb Code     0  startup_n32g45x.o(.text)
    DVP_IRQHandler                           0x080001cb   Thumb Code     0  startup_n32g45x.o(.text)
    ETH_IRQHandler                           0x080001cb   Thumb Code     0  startup_n32g45x.o(.text)
    ETH_WKUP_IRQHandler                      0x080001cb   Thumb Code     0  startup_n32g45x.o(.text)
    EXTI0_IRQHandler                         0x080001cb   Thumb Code     0  startup_n32g45x.o(.text)
    EXTI15_10_IRQHandler                     0x080001cb   Thumb Code     0  startup_n32g45x.o(.text)
    EXTI1_IRQHandler                         0x080001cb   Thumb Code     0  startup_n32g45x.o(.text)
    EXTI2_IRQHandler                         0x080001cb   Thumb Code     0  startup_n32g45x.o(.text)
    EXTI3_IRQHandler                         0x080001cb   Thumb Code     0  startup_n32g45x.o(.text)
    EXTI4_IRQHandler                         0x080001cb   Thumb Code     0  startup_n32g45x.o(.text)
    EXTI9_5_IRQHandler                       0x080001cb   Thumb Code     0  startup_n32g45x.o(.text)
    FLASH_IRQHandler                         0x080001cb   Thumb Code     0  startup_n32g45x.o(.text)
    I2C1_ER_IRQHandler                       0x080001cb   Thumb Code     0  startup_n32g45x.o(.text)
    I2C1_EV_IRQHandler                       0x080001cb   Thumb Code     0  startup_n32g45x.o(.text)
    I2C2_ER_IRQHandler                       0x080001cb   Thumb Code     0  startup_n32g45x.o(.text)
    I2C2_EV_IRQHandler                       0x080001cb   Thumb Code     0  startup_n32g45x.o(.text)
    I2C3_ER_IRQHandler                       0x080001cb   Thumb Code     0  startup_n32g45x.o(.text)
    I2C3_EV_IRQHandler                       0x080001cb   Thumb Code     0  startup_n32g45x.o(.text)
    I2C4_ER_IRQHandler                       0x080001cb   Thumb Code     0  startup_n32g45x.o(.text)
    I2C4_EV_IRQHandler                       0x080001cb   Thumb Code     0  startup_n32g45x.o(.text)
    MMU_IRQHandler                           0x080001cb   Thumb Code     0  startup_n32g45x.o(.text)
    PVD_IRQHandler                           0x080001cb   Thumb Code     0  startup_n32g45x.o(.text)
    QSPI_IRQHandler                          0x080001cb   Thumb Code     0  startup_n32g45x.o(.text)
    RCC_IRQHandler                           0x080001cb   Thumb Code     0  startup_n32g45x.o(.text)
    RSRAM_IRQHandler                         0x080001cb   Thumb Code     0  startup_n32g45x.o(.text)
    RTCAlarm_IRQHandler                      0x080001cb   Thumb Code     0  startup_n32g45x.o(.text)
    RTC_WKUP_IRQHandler                      0x080001cb   Thumb Code     0  startup_n32g45x.o(.text)
    SAC_IRQHandler                           0x080001cb   Thumb Code     0  startup_n32g45x.o(.text)
    SDIO_IRQHandler                          0x080001cb   Thumb Code     0  startup_n32g45x.o(.text)
    SPI1_IRQHandler                          0x080001cb   Thumb Code     0  startup_n32g45x.o(.text)
    SPI2_IRQHandler                          0x080001cb   Thumb Code     0  startup_n32g45x.o(.text)
    SPI3_IRQHandler                          0x080001cb   Thumb Code     0  startup_n32g45x.o(.text)
    TAMPER_IRQHandler                        0x080001cb   Thumb Code     0  startup_n32g45x.o(.text)
    TIM1_BRK_IRQHandler                      0x080001cb   Thumb Code     0  startup_n32g45x.o(.text)
    TIM1_CC_IRQHandler                       0x080001cb   Thumb Code     0  startup_n32g45x.o(.text)
    TIM1_TRG_COM_IRQHandler                  0x080001cb   Thumb Code     0  startup_n32g45x.o(.text)
    TIM1_UP_IRQHandler                       0x080001cb   Thumb Code     0  startup_n32g45x.o(.text)
    TIM2_IRQHandler                          0x080001cb   Thumb Code     0  startup_n32g45x.o(.text)
    TIM3_IRQHandler                          0x080001cb   Thumb Code     0  startup_n32g45x.o(.text)
    TIM4_IRQHandler                          0x080001cb   Thumb Code     0  startup_n32g45x.o(.text)
    TIM5_IRQHandler                          0x080001cb   Thumb Code     0  startup_n32g45x.o(.text)
    TIM6_IRQHandler                          0x080001cb   Thumb Code     0  startup_n32g45x.o(.text)
    TIM7_IRQHandler                          0x080001cb   Thumb Code     0  startup_n32g45x.o(.text)
    TIM8_BRK_IRQHandler                      0x080001cb   Thumb Code     0  startup_n32g45x.o(.text)
    TIM8_CC_IRQHandler                       0x080001cb   Thumb Code     0  startup_n32g45x.o(.text)
    TIM8_TRG_COM_IRQHandler                  0x080001cb   Thumb Code     0  startup_n32g45x.o(.text)
    TIM8_UP_IRQHandler                       0x080001cb   Thumb Code     0  startup_n32g45x.o(.text)
    TSC_IRQHandler                           0x080001cb   Thumb Code     0  startup_n32g45x.o(.text)
    UART4_IRQHandler                         0x080001cb   Thumb Code     0  startup_n32g45x.o(.text)
    UART5_IRQHandler                         0x080001cb   Thumb Code     0  startup_n32g45x.o(.text)
    UART6_IRQHandler                         0x080001cb   Thumb Code     0  startup_n32g45x.o(.text)
    UART7_IRQHandler                         0x080001cb   Thumb Code     0  startup_n32g45x.o(.text)
    USART1_IRQHandler                        0x080001cb   Thumb Code     0  startup_n32g45x.o(.text)
    USART2_IRQHandler                        0x080001cb   Thumb Code     0  startup_n32g45x.o(.text)
    USART3_IRQHandler                        0x080001cb   Thumb Code     0  startup_n32g45x.o(.text)
    USBWakeUp_IRQHandler                     0x080001cb   Thumb Code     0  startup_n32g45x.o(.text)
    USB_HP_CAN1_TX_IRQHandler                0x080001cb   Thumb Code     0  startup_n32g45x.o(.text)
    USB_LP_CAN1_RX0_IRQHandler               0x080001cb   Thumb Code     0  startup_n32g45x.o(.text)
    WWDG_IRQHandler                          0x080001cb   Thumb Code     0  startup_n32g45x.o(.text)
    XFMC_IRQHandler                          0x080001cb   Thumb Code     0  startup_n32g45x.o(.text)
    __scatterload                            0x080001d5   Thumb Code    28  init.o(.text)
    __scatterload_rt2                        0x080001d5   Thumb Code     0  init.o(.text)
    BusFault_Handler                         0x080001f9   Thumb Code     4  n32g45x_it.o(i.BusFault_Handler)
    DebugMon_Handler                         0x080001fd   Thumb Code     2  n32g45x_it.o(i.DebugMon_Handler)
    Debug_USART_Config                       0x08000201   Thumb Code   126  bsp_usart.o(i.Debug_USART_Config)
    FLASH_PrefetchBufSet                     0x08000289   Thumb Code    44  n32g45x_flash.o(i.FLASH_PrefetchBufSet)
    FLASH_SetLatency                         0x080002ed   Thumb Code    50  n32g45x_flash.o(i.FLASH_SetLatency)
    FLASH_iCacheCmd                          0x08000349   Thumb Code    44  n32g45x_flash.o(i.FLASH_iCacheCmd)
    GPIO_DeInit                              0x080003a1   Thumb Code   226  n32g45x_gpio.o(i.GPIO_DeInit)
    GPIO_InitPeripheral                      0x080004c1   Thumb Code   390  n32g45x_gpio.o(i.GPIO_InitPeripheral)
    GPIO_ReadInputDataBit                    0x08000701   Thumb Code   174  n32g45x_gpio.o(i.GPIO_ReadInputDataBit)
    HardFault_Handler                        0x08000805   Thumb Code     4  n32g45x_it.o(i.HardFault_Handler)
    IAP_Button_Config                        0x08000809   Thumb Code    38  main.o(i.IAP_Button_Config)
    IAP_Button_Read                          0x08000835   Thumb Code    12  main.o(i.IAP_Button_Read)
    IWDG_ReloadKey                           0x08000845   Thumb Code    10  n32g45x_iwdg.o(i.IWDG_ReloadKey)
    IWDG_SetPrescalerDiv                     0x08000855   Thumb Code    48  n32g45x_iwdg.o(i.IWDG_SetPrescalerDiv)
    IWDG_WriteConfig                         0x080008b5   Thumb Code    32  n32g45x_iwdg.o(i.IWDG_WriteConfig)
    Jump_To_BOOT                             0x080008fd   Thumb Code   220  main.o(i.Jump_To_BOOT)
    MemManage_Handler                        0x08000a01   Thumb Code     4  n32g45x_it.o(i.MemManage_Handler)
    NMI_Handler                              0x08000a05   Thumb Code     2  n32g45x_it.o(i.NMI_Handler)
    RCC_ConfigHclk                           0x08000a09   Thumb Code    68  n32g45x_rcc.o(i.RCC_ConfigHclk)
    RCC_ConfigPclk1                          0x08000a75   Thumb Code    60  n32g45x_rcc.o(i.RCC_ConfigPclk1)
    RCC_ConfigPclk2                          0x08000ad5   Thumb Code    62  n32g45x_rcc.o(i.RCC_ConfigPclk2)
    RCC_ConfigPll                            0x08000b39   Thumb Code   254  n32g45x_rcc.o(i.RCC_ConfigPll)
    RCC_ConfigSysclk                         0x08000cb1   Thumb Code    44  n32g45x_rcc.o(i.RCC_ConfigSysclk)
    RCC_DeInit                               0x08000d09   Thumb Code    74  n32g45x_rcc.o(i.RCC_DeInit)
    RCC_EnableAPB1PeriphClk                  0x08000d65   Thumb Code    74  n32g45x_rcc.o(i.RCC_EnableAPB1PeriphClk)
    RCC_EnableAPB1PeriphReset                0x08000dfd   Thumb Code    74  n32g45x_rcc.o(i.RCC_EnableAPB1PeriphReset)
    RCC_EnableAPB2PeriphClk                  0x08000e95   Thumb Code    74  n32g45x_rcc.o(i.RCC_EnableAPB2PeriphClk)
    RCC_EnableAPB2PeriphReset                0x08000f2d   Thumb Code    74  n32g45x_rcc.o(i.RCC_EnableAPB2PeriphReset)
    RCC_EnableHsi                            0x08000fc5   Thumb Code    30  n32g45x_rcc.o(i.RCC_EnableHsi)
    RCC_EnablePll                            0x08001009   Thumb Code    30  n32g45x_rcc.o(i.RCC_EnablePll)
    RCC_GetClocksFreqValue                   0x0800104d   Thumb Code   240  n32g45x_rcc.o(i.RCC_GetClocksFreqValue)
    RCC_GetFlagStatus                        0x08001159   Thumb Code   140  n32g45x_rcc.o(i.RCC_GetFlagStatus)
    RCC_GetSysclkSrc                         0x08001205   Thumb Code    10  n32g45x_rcc.o(i.RCC_GetSysclkSrc)
    SVC_Handler                              0x08001215   Thumb Code     2  n32g45x_it.o(i.SVC_Handler)
    SetSysClock_HSI_PLL                      0x0800131d   Thumb Code   126  main.o(i.SetSysClock_HSI_PLL)
    SysTick_Handler                          0x080013a5   Thumb Code     2  n32g45x_it.o(i.SysTick_Handler)
    SystemInit                               0x080013a9   Thumb Code   146  system_n32g45x.o(i.SystemInit)
    USART_ClrFlag                            0x08001459   Thumb Code   134  n32g45x_usart.o(i.USART_ClrFlag)
    USART_DeInit                             0x08001559   Thumb Code   240  n32g45x_usart.o(i.USART_DeInit)
    USART_Enable                             0x08001685   Thumb Code   106  n32g45x_usart.o(i.USART_Enable)
    USART_GetFlagStatus                      0x08001749   Thumb Code   176  n32g45x_usart.o(i.USART_GetFlagStatus)
    USART_Init                               0x0800186d   Thumb Code   436  n32g45x_usart.o(i.USART_Init)
    USART_SendData                           0x08001b69   Thumb Code    90  n32g45x_usart.o(i.USART_SendData)
    UsageFault_Handler                       0x08001c15   Thumb Code     4  n32g45x_it.o(i.UsageFault_Handler)
    Usart_SendByte                           0x08001c19   Thumb Code    38  bsp_usart.o(i.Usart_SendByte)
    __0printf$bare                           0x08001c41   Thumb Code     8  printfb.o(i.__0printf$bare)
    __1printf$bare                           0x08001c41   Thumb Code     0  printfb.o(i.__0printf$bare)
    __2printf                                0x08001c41   Thumb Code     0  printfb.o(i.__0printf$bare)
    __scatterload_copy                       0x08001c51   Thumb Code    14  handlers.o(i.__scatterload_copy)
    __scatterload_null                       0x08001c5f   Thumb Code     2  handlers.o(i.__scatterload_null)
    __scatterload_zeroinit                   0x08001c61   Thumb Code    14  handlers.o(i.__scatterload_zeroinit)
    assert_failed                            0x08001c91   Thumb Code     4  main.o(i.assert_failed)
    fputc                                    0x08001c95   Thumb Code    58  bsp_usart.o(i.fputc)
    main                                     0x08001cd9   Thumb Code    44  main.o(i.main)
    Region$$Table$$Base                      0x08001f7c   Number         0  anon$$obj.o(Region$$Table)
    Region$$Table$$Limit                     0x08001f9c   Number         0  anon$$obj.o(Region$$Table)
    SystemCoreClock                          0x20000000   Data           4  system_n32g45x.o(.data)
    __stdout                                 0x20000008   Data           4  stdout.o(.data)
    __initial_sp                             0x20001510   Data           0  startup_n32g45x.o(STACK)



==============================================================================

Memory Map of the image

  Image Entry point : 0x08000199

  Load Region LR_IROM1 (Base: 0x08000000, Size: 0x00001fa8, Max: 0x00080000, ABSOLUTE)

    Execution Region ER_IROM1 (Exec base: 0x08000000, Load base: 0x08000000, Size: 0x00001f9c, Max: 0x00080000, ABSOLUTE)

    Exec Addr    Load Addr    Size         Type   Attr      Idx    E Section Name        Object

    0x08000000   0x08000000   0x00000198   Data   RO            3    RESET               startup_n32g45x.o
    0x08000198   0x08000198   0x00000000   Code   RO         1202  * .ARM.Collect$$$$00000000  mc_w.l(entry.o)
    0x08000198   0x08000198   0x00000004   Code   RO         1465    .ARM.Collect$$$$00000001  mc_w.l(entry2.o)
    0x0800019c   0x0800019c   0x00000004   Code   RO         1468    .ARM.Collect$$$$00000004  mc_w.l(entry5.o)
    0x080001a0   0x080001a0   0x00000000   Code   RO         1470    .ARM.Collect$$$$00000008  mc_w.l(entry7b.o)
    0x080001a0   0x080001a0   0x00000000   Code   RO         1472    .ARM.Collect$$$$0000000A  mc_w.l(entry8b.o)
    0x080001a0   0x080001a0   0x00000008   Code   RO         1473    .ARM.Collect$$$$0000000B  mc_w.l(entry9a.o)
    0x080001a8   0x080001a8   0x00000004   Code   RO         1480    .ARM.Collect$$$$0000000E  mc_w.l(entry12b.o)
    0x080001ac   0x080001ac   0x00000000   Code   RO         1475    .ARM.Collect$$$$0000000F  mc_w.l(entry10a.o)
    0x080001ac   0x080001ac   0x00000000   Code   RO         1477    .ARM.Collect$$$$00000011  mc_w.l(entry11a.o)
    0x080001ac   0x080001ac   0x00000004   Code   RO         1466    .ARM.Collect$$$$00002712  mc_w.l(entry2.o)
    0x080001b0   0x080001b0   0x00000024   Code   RO            4    .text               startup_n32g45x.o
    0x080001d4   0x080001d4   0x00000024   Code   RO         1497    .text               mc_w.l(init.o)
    0x080001f8   0x080001f8   0x00000004   Code   RO         1059    i.BusFault_Handler  n32g45x_it.o
    0x080001fc   0x080001fc   0x00000002   Code   RO         1061    i.DebugMon_Handler  n32g45x_it.o
    0x080001fe   0x080001fe   0x00000002   PAD
    0x08000200   0x08000200   0x00000088   Code   RO         1139    i.Debug_USART_Config  bsp_usart.o
    0x08000288   0x08000288   0x00000064   Code   RO          184    i.FLASH_PrefetchBufSet  n32g45x_flash.o
    0x080002ec   0x080002ec   0x0000005c   Code   RO          189    i.FLASH_SetLatency  n32g45x_flash.o
    0x08000348   0x08000348   0x00000058   Code   RO          193    i.FLASH_iCacheCmd   n32g45x_flash.o
    0x080003a0   0x080003a0   0x00000120   Code   RO          359    i.GPIO_DeInit       n32g45x_gpio.o
    0x080004c0   0x080004c0   0x00000240   Code   RO          361    i.GPIO_InitPeripheral  n32g45x_gpio.o
    0x08000700   0x08000700   0x00000104   Code   RO          364    i.GPIO_ReadInputDataBit  n32g45x_gpio.o
    0x08000804   0x08000804   0x00000004   Code   RO         1062    i.HardFault_Handler  n32g45x_it.o
    0x08000808   0x08000808   0x0000002c   Code   RO          989    i.IAP_Button_Config  main.o
    0x08000834   0x08000834   0x00000010   Code   RO          990    i.IAP_Button_Read   main.o
    0x08000844   0x08000844   0x00000010   Code   RO          489    i.IWDG_ReloadKey    n32g45x_iwdg.o
    0x08000854   0x08000854   0x00000060   Code   RO          490    i.IWDG_SetPrescalerDiv  n32g45x_iwdg.o
    0x080008b4   0x080008b4   0x00000048   Code   RO          491    i.IWDG_WriteConfig  n32g45x_iwdg.o
    0x080008fc   0x080008fc   0x00000104   Code   RO          991    i.Jump_To_BOOT      main.o
    0x08000a00   0x08000a00   0x00000004   Code   RO         1063    i.MemManage_Handler  n32g45x_it.o
    0x08000a04   0x08000a04   0x00000002   Code   RO         1064    i.NMI_Handler       n32g45x_it.o
    0x08000a06   0x08000a06   0x00000002   PAD
    0x08000a08   0x08000a08   0x0000006c   Code   RO          546    i.RCC_ConfigHclk    n32g45x_rcc.o
    0x08000a74   0x08000a74   0x00000060   Code   RO          552    i.RCC_ConfigPclk1   n32g45x_rcc.o
    0x08000ad4   0x08000ad4   0x00000064   Code   RO          553    i.RCC_ConfigPclk2   n32g45x_rcc.o
    0x08000b38   0x08000b38   0x00000178   Code   RO          554    i.RCC_ConfigPll     n32g45x_rcc.o
    0x08000cb0   0x08000cb0   0x00000058   Code   RO          557    i.RCC_ConfigSysclk  n32g45x_rcc.o
    0x08000d08   0x08000d08   0x0000005c   Code   RO          561    i.RCC_DeInit        n32g45x_rcc.o
    0x08000d64   0x08000d64   0x00000098   Code   RO          564    i.RCC_EnableAPB1PeriphClk  n32g45x_rcc.o
    0x08000dfc   0x08000dfc   0x00000098   Code   RO          565    i.RCC_EnableAPB1PeriphReset  n32g45x_rcc.o
    0x08000e94   0x08000e94   0x00000098   Code   RO          566    i.RCC_EnableAPB2PeriphClk  n32g45x_rcc.o
    0x08000f2c   0x08000f2c   0x00000098   Code   RO          567    i.RCC_EnableAPB2PeriphReset  n32g45x_rcc.o
    0x08000fc4   0x08000fc4   0x00000044   Code   RO          571    i.RCC_EnableHsi     n32g45x_rcc.o
    0x08001008   0x08001008   0x00000044   Code   RO          573    i.RCC_EnablePll     n32g45x_rcc.o
    0x0800104c   0x0800104c   0x0000010c   Code   RO          576    i.RCC_GetClocksFreqValue  n32g45x_rcc.o
    0x08001158   0x08001158   0x000000ac   Code   RO          577    i.RCC_GetFlagStatus  n32g45x_rcc.o
    0x08001204   0x08001204   0x00000010   Code   RO          579    i.RCC_GetSysclkSrc  n32g45x_rcc.o
    0x08001214   0x08001214   0x00000002   Code   RO         1065    i.SVC_Handler       n32g45x_it.o
    0x08001216   0x08001216   0x00000002   PAD
    0x08001218   0x08001218   0x00000104   Code   RO           13    i.SetSysClock       system_n32g45x.o
    0x0800131c   0x0800131c   0x00000088   Code   RO          992    i.SetSysClock_HSI_PLL  main.o
    0x080013a4   0x080013a4   0x00000002   Code   RO         1066    i.SysTick_Handler   n32g45x_it.o
    0x080013a6   0x080013a6   0x00000002   PAD
    0x080013a8   0x080013a8   0x000000b0   Code   RO           15    i.SystemInit        system_n32g45x.o
    0x08001458   0x08001458   0x00000100   Code   RO          810    i.USART_ClrFlag     n32g45x_usart.o
    0x08001558   0x08001558   0x0000012c   Code   RO          816    i.USART_DeInit      n32g45x_usart.o
    0x08001684   0x08001684   0x000000c4   Code   RO          817    i.USART_Enable      n32g45x_usart.o
    0x08001748   0x08001748   0x00000124   Code   RO          824    i.USART_GetFlagStatus  n32g45x_usart.o
    0x0800186c   0x0800186c   0x000002fc   Code   RO          826    i.USART_Init        n32g45x_usart.o
    0x08001b68   0x08001b68   0x000000ac   Code   RO          829    i.USART_SendData    n32g45x_usart.o
    0x08001c14   0x08001c14   0x00000004   Code   RO         1067    i.UsageFault_Handler  n32g45x_it.o
    0x08001c18   0x08001c18   0x00000026   Code   RO         1141    i.Usart_SendByte    bsp_usart.o
    0x08001c3e   0x08001c3e   0x00000002   PAD
    0x08001c40   0x08001c40   0x00000010   Code   RO         1206    i.__0printf$bare    mc_w.l(printfb.o)
    0x08001c50   0x08001c50   0x0000000e   Code   RO         1509    i.__scatterload_copy  mc_w.l(handlers.o)
    0x08001c5e   0x08001c5e   0x00000002   Code   RO         1510    i.__scatterload_null  mc_w.l(handlers.o)
    0x08001c60   0x08001c60   0x0000000e   Code   RO         1511    i.__scatterload_zeroinit  mc_w.l(handlers.o)
    0x08001c6e   0x08001c6e   0x00000022   Code   RO         1213    i._printf_core      mc_w.l(printfb.o)
    0x08001c90   0x08001c90   0x00000004   Code   RO          993    i.assert_failed     main.o
    0x08001c94   0x08001c94   0x00000044   Code   RO         1145    i.fputc             bsp_usart.o
    0x08001cd8   0x08001cd8   0x000000ac   Code   RO          994    i.main              main.o
    0x08001d84   0x08001d84   0x00000040   Data   RO          582    .constdata          n32g45x_rcc.o
    0x08001dc4   0x08001dc4   0x00000049   Data   RO          195    .conststring        n32g45x_flash.o
    0x08001e0d   0x08001e0d   0x00000003   PAD
    0x08001e10   0x08001e10   0x00000048   Data   RO          372    .conststring        n32g45x_gpio.o
    0x08001e58   0x08001e58   0x00000048   Data   RO          492    .conststring        n32g45x_iwdg.o
    0x08001ea0   0x08001ea0   0x00000047   Data   RO          583    .conststring        n32g45x_rcc.o
    0x08001ee7   0x08001ee7   0x00000001   PAD
    0x08001ee8   0x08001ee8   0x00000091   Data   RO          835    .conststring        n32g45x_usart.o
    0x08001f79   0x08001f79   0x00000003   PAD
    0x08001f7c   0x08001f7c   0x00000020   Data   RO         1507    Region$$Table       anon$$obj.o


    Execution Region RW_IRAM1 (Exec base: 0x20000000, Load base: 0x08001f9c, Size: 0x00001510, Max: 0x00024000, ABSOLUTE)

    Exec Addr    Load Addr    Size         Type   Attr      Idx    E Section Name        Object

    0x20000000   0x08001f9c   0x00000004   Data   RW           17    .data               system_n32g45x.o
    0x20000004   0x08001fa0   0x00000004   Data   RW         1146    .data               bsp_usart.o
    0x20000008   0x08001fa4   0x00000004   Data   RW         1481    .data               mc_w.l(stdout.o)
    0x2000000c   0x08001fa8   0x00000004   PAD
    0x20000010        -       0x00001500   Zero   RW            1    STACK               startup_n32g45x.o


==============================================================================

Image component sizes


      Code (inc. data)   RO Data    RW Data    ZI Data      Debug   Object Name

       242         20          0          4          0       4410   bsp_usart.o
       632        188          0          0          0      10354   main.o
       280        142         73          0          0       2456   n32g45x_flash.o
      1124        334         72          0          0       4856   n32g45x_gpio.o
        24          0          0          0          0       4761   n32g45x_it.o
       184         94         72          0          0       2327   n32g45x_iwdg.o
      2060        752        135          0          0      16861   n32g45x_rcc.o
      1980        798        145          0          0       7530   n32g45x_usart.o
        36          8        408          0       5376       1068   startup_n32g45x.o
       436         54          0          4          0     338277   system_n32g45x.o

    ----------------------------------------------------------------------
      7008       2390        944          8       5376     392900   Object Totals
         0          0         32          0          0          0   (incl. Generated)
        10          0          7          0          0          0   (incl. Padding)

    ----------------------------------------------------------------------

      Code (inc. data)   RO Data    RW Data    ZI Data      Debug   Library Member Name

         0          0          0          0          0          0   entry.o
         0          0          0          0          0          0   entry10a.o
         0          0          0          0          0          0   entry11a.o
         4          0          0          0          0          0   entry12b.o
         8          4          0          0          0          0   entry2.o
         4          0          0          0          0          0   entry5.o
         0          0          0          0          0          0   entry7b.o
         0          0          0          0          0          0   entry8b.o
         8          4          0          0          0          0   entry9a.o
        30          0          0          0          0          0   handlers.o
        36          8          0          0          0         68   init.o
        50          8          0          0          0        152   printfb.o
         0          0          0          4          0          0   stdout.o

    ----------------------------------------------------------------------
       140         24          0          4          4        220   Library Totals
         0          0          0          0          4          0   (incl. Padding)

    ----------------------------------------------------------------------

      Code (inc. data)   RO Data    RW Data    ZI Data      Debug   Library Name

       140         24          0          4          0        220   mc_w.l

    ----------------------------------------------------------------------
       140         24          0          4          4        220   Library Totals

    ----------------------------------------------------------------------

==============================================================================


      Code (inc. data)   RO Data    RW Data    ZI Data      Debug   

      7148       2414        944         12       5380     388972   Grand Totals
      7148       2414        944         12       5380     388972   ELF Image Totals
      7148       2414        944         12          0          0   ROM Totals

==============================================================================

    Total RO  Size (Code + RO Data)                 8092 (   7.90kB)
    Total RW  Size (RW Data + ZI Data)              5392 (   5.27kB)
    Total ROM Size (Code + RO Data + RW Data)       8104 (   7.91kB)

==============================================================================

